Copyright 1986-2021 Xilinx, Inc. All Rights Reserved.
-------------------------------------------------------------------------------------------------------------------------------------------
| Tool Version     : Vivado v.2021.2 (lin64) Build 3367213 Tue Oct 19 02:47:39 MDT 2021
| Date             : Sun Nov 10 15:45:47 2024
| Host             : krisemi-satcom-Vostro-3520 running 64-bit Ubuntu 20.04.6 LTS
| Command          : report_power -file eth_top_power_routed.rpt -pb eth_top_power_summary_routed.pb -rpx eth_top_power_routed.rpx
| Design           : eth_top
| Device           : xc7z020clg484-1
| Design State     : routed
| Grade            : commercial
| Process          : typical
| Characterization : Production
-------------------------------------------------------------------------------------------------------------------------------------------

Power Report

Table of Contents
-----------------
1. Summary
1.1 On-Chip Components
1.2 Power Supply Summary
1.3 Confidence Level
2. Settings
2.1 Environment
2.2 Clock Constraints
3. Detailed Reports
3.1 By Hierarchy

1. Summary
----------

+--------------------------+----------------------------------+
| Total On-Chip Power (W)  | 16.436 (Junction temp exceeded!) |
| Design Power Budget (W)  | Unspecified*                     |
| Power Budget Margin (W)  | NA                               |
| Dynamic (W)              | 15.392                           |
| Device Static (W)        | 1.044                            |
| Effective TJA (C/W)      | 11.5                             |
| Max Ambient (C)          | 0.0                              |
| Junction Temperature (C) | 125.0                            |
| Confidence Level         | Low                              |
| Setting File             | ---                              |
| Simulation Activity File | ---                              |
| Design Nets Matched      | NA                               |
+--------------------------+----------------------------------+
* Specify Design Power Budget using, set_operating_conditions -design_power_budget <value in Watts>


1.1 On-Chip Components
----------------------

+-------------------------+-----------+----------+-----------+-----------------+
| On-Chip                 | Power (W) | Used     | Available | Utilization (%) |
+-------------------------+-----------+----------+-----------+-----------------+
| Slice Logic             |     4.172 |     4315 |       --- |             --- |
|   LUT as Logic          |     3.863 |     1680 |     53200 |            3.16 |
|   Register              |     0.127 |     2023 |    106400 |            1.90 |
|   CARRY4                |     0.116 |      104 |     13300 |            0.78 |
|   F7/F8 Muxes           |     0.049 |      164 |     53200 |            0.31 |
|   BUFG                  |     0.017 |        3 |        32 |            9.38 |
|   LUT as Shift Register |    <0.001 |        2 |     17400 |            0.01 |
|   Others                |     0.000 |       32 |       --- |             --- |
| Signals                 |     5.319 |     3406 |       --- |             --- |
| Block RAM               |     0.262 |        2 |       140 |            1.43 |
| I/O                     |     5.639 |      196 |       200 |           98.00 |
| Static Power            |     1.044 |          |           |                 |
| Total                   |    16.436 |          |           |                 |
+-------------------------+-----------+----------+-----------+-----------------+


1.2 Power Supply Summary
------------------------

+-----------+-------------+-----------+-------------+------------+-------------+-------------+------------+
| Source    | Voltage (V) | Total (A) | Dynamic (A) | Static (A) | Powerup (A) | Budget (A)  | Margin (A) |
+-----------+-------------+-----------+-------------+------------+-------------+-------------+------------+
| Vccint    |       1.000 |    10.386 |      10.086 |      0.301 |       NA    | Unspecified | NA         |
| Vccaux    |       1.800 |     0.533 |       0.433 |      0.100 |       NA    | Unspecified | NA         |
| Vcco33    |       3.300 |     0.000 |       0.000 |      0.000 |       NA    | Unspecified | NA         |
| Vcco25    |       2.500 |     0.000 |       0.000 |      0.000 |       NA    | Unspecified | NA         |
| Vcco18    |       1.800 |     2.506 |       2.505 |      0.001 |       NA    | Unspecified | NA         |
| Vcco15    |       1.500 |     0.000 |       0.000 |      0.000 |       NA    | Unspecified | NA         |
| Vcco135   |       1.350 |     0.000 |       0.000 |      0.000 |       NA    | Unspecified | NA         |
| Vcco12    |       1.200 |     0.000 |       0.000 |      0.000 |       NA    | Unspecified | NA         |
| Vccaux_io |       1.800 |     0.000 |       0.000 |      0.000 |       NA    | Unspecified | NA         |
| Vccbram   |       1.000 |     0.048 |       0.019 |      0.029 |       NA    | Unspecified | NA         |
| MGTAVcc   |       1.000 |     0.000 |       0.000 |      0.000 |       NA    | Unspecified | NA         |
| MGTAVtt   |       1.200 |     0.000 |       0.000 |      0.000 |       NA    | Unspecified | NA         |
| MGTVccaux |       1.800 |     0.000 |       0.000 |      0.000 |       NA    | Unspecified | NA         |
| Vccpint   |       1.000 |     0.473 |       0.000 |      0.473 |       NA    | Unspecified | NA         |
| Vccpaux   |       1.800 |     0.010 |       0.000 |      0.010 |       NA    | Unspecified | NA         |
| Vccpll    |       1.800 |     0.003 |       0.000 |      0.003 |       NA    | Unspecified | NA         |
| Vcco_ddr  |       1.500 |     0.000 |       0.000 |      0.000 |       NA    | Unspecified | NA         |
| Vcco_mio0 |       1.800 |     0.000 |       0.000 |      0.000 |       NA    | Unspecified | NA         |
| Vcco_mio1 |       1.800 |     0.000 |       0.000 |      0.000 |       NA    | Unspecified | NA         |
| Vccadc    |       1.800 |     0.020 |       0.000 |      0.020 |       NA    | Unspecified | NA         |
+-----------+-------------+-----------+-------------+------------+-------------+-------------+------------+


1.3 Confidence Level
--------------------

+-----------------------------+------------+--------------------------------------------------------+--------------------------------------------------------------------------------------------------------------------+
| User Input Data             | Confidence | Details                                                | Action                                                                                                             |
+-----------------------------+------------+--------------------------------------------------------+--------------------------------------------------------------------------------------------------------------------+
| Design implementation state | High       | Design is routed                                       |                                                                                                                    |
| Clock nodes activity        | Low        | User specified less than 75% of clocks                 | Provide missing clock activity with a constraint file, simulation results or by editing the "By Clock Domain" view |
| I/O nodes activity          | Low        | More than 75% of inputs are missing user specification | Provide missing input activity with simulation results or by editing the "By Resource Type -> I/Os" view           |
| Internal nodes activity     | Medium     | User specified less than 25% of internal nodes         | Provide missing internal nodes activity with simulation results or by editing the "By Resource Type" views         |
| Device models               | High       | Device models are Production                           |                                                                                                                    |
|                             |            |                                                        |                                                                                                                    |
| Overall confidence level    | Low        |                                                        |                                                                                                                    |
+-----------------------------+------------+--------------------------------------------------------+--------------------------------------------------------------------------------------------------------------------+


2. Settings
-----------

2.1 Environment
---------------

+-----------------------+------------------------+
| Ambient Temp (C)      | 25.0                   |
| ThetaJA (C/W)         | 11.5                   |
| Airflow (LFM)         | 250                    |
| Heat Sink             | none                   |
| ThetaSA (C/W)         | 0.0                    |
| Board Selection       | medium (10"x10")       |
| # of Board Layers     | 8to11 (8 to 11 Layers) |
| Board Temperature (C) | 25.0                   |
+-----------------------+------------------------+


2.2 Clock Constraints
---------------------

+-------+--------+-----------------+
| Clock | Domain | Constraint (ns) |
+-------+--------+-----------------+


3. Detailed Reports
-------------------

3.1 By Hierarchy
----------------

+---------------------+-----------+
| Name                | Power (W) |
+---------------------+-----------+
| eth_top             |    15.392 |
|   ethreg1           |     0.299 |
|     INT_MASK_0      |     0.007 |
|     MAC_ADDR0_0     |     0.030 |
|     MAC_ADDR0_1     |     0.020 |
|     MAC_ADDR0_2     |     0.044 |
|     MAC_ADDR0_3     |     0.020 |
|     MAC_ADDR1_0     |     0.032 |
|     MAC_ADDR1_1     |     0.018 |
|     MIIADDRESS_0    |     0.061 |
|     MODER_0         |     0.008 |
|     MODER_1         |     0.024 |
|     TX_BD_NUM_0     |     0.034 |
|   maccontrol1       |     0.043 |
|     receivecontrol1 |     0.043 |
|   macstatus1        |     0.023 |
|   rxethmac1         |     1.438 |
|     crcrx           |     0.200 |
|     rxaddrcheck1    |     0.026 |
|     rxcounters1     |     0.457 |
|     rxstatem1       |     0.360 |
|   txethmac1         |     1.968 |
|     random1         |     0.117 |
|     txcounters1     |     0.702 |
|     txcrc           |     0.306 |
|     txstatem1       |     0.769 |
|   u_apb_BDs_bridge  |     0.203 |
|   wishbone          |     4.498 |
|     bd_ram          |     1.147 |
|     rx_fifo         |     0.780 |
|     tx_fifo         |     1.024 |
+---------------------+-----------+


