Copyright 1986-2021 Xilinx, Inc. All Rights Reserved.
------------------------------------------------------------------------------------------------------------------------------------------------------------------------------------------------------------------
| Tool Version : Vivado v.2021.2 (lin64) Build 3367213 Tue Oct 19 02:47:39 MDT 2021
| Date         : Sun Nov 10 15:45:47 2024
| Host         : krisemi-satcom-Vostro-3520 running 64-bit Ubuntu 20.04.6 LTS
| Command      : report_timing_summary -max_paths 10 -report_unconstrained -file eth_top_timing_summary_routed.rpt -pb eth_top_timing_summary_routed.pb -rpx eth_top_timing_summary_routed.rpx -warn_on_violation
| Design       : eth_top
| Device       : 7z020-clg484
| Speed File   : -1  PRODUCTION 1.12 2019-11-22
------------------------------------------------------------------------------------------------------------------------------------------------------------------------------------------------------------------

Timing Summary Report

------------------------------------------------------------------------------------------------
| Timer Settings
| --------------
------------------------------------------------------------------------------------------------

  Enable Multi Corner Analysis               :  Yes
  Enable Pessimism Removal                   :  Yes
  Pessimism Removal Resolution               :  Nearest Common Node
  Enable Input Delay Default Clock           :  No
  Enable Preset / Clear Arcs                 :  No
  Disable Flight Delays                      :  No
  Ignore I/O Paths                           :  No
  Timing Early Launch at Borrowing Latches   :  No
  Borrow Time for Max Delay Exceptions       :  Yes
  Merge Timing Exceptions                    :  Yes

  Corner  Analyze    Analyze    
  Name    Max Paths  Min Paths  
  ------  ---------  ---------  
  Slow    Yes        Yes        
  Fast    Yes        Yes        


------------------------------------------------------------------------------------------------
| Report Methodology
| ------------------
------------------------------------------------------------------------------------------------

Rule       Severity          Description                  Violations  
---------  ----------------  ---------------------------  ----------  
TIMING-17  Critical Warning  Non-clocked sequential cell  1000        
TIMING-20  Warning           Non-clocked latch            6           

Note: This report is based on the most recent report_methodology run and may not be up-to-date. Run report_methodology on the current design for the latest report.



check_timing report

Table of Contents
-----------------
1. checking no_clock (2099)
2. checking constant_clock (0)
3. checking pulse_width_clock (0)
4. checking unconstrained_internal_endpoints (5666)
5. checking no_input_delay (86)
6. checking no_output_delay (105)
7. checking multiple_clock (0)
8. checking generated_clocks (0)
9. checking loops (0)
10. checking partial_input_delay (0)
11. checking partial_output_delay (0)
12. checking latch_loops (0)

1. checking no_clock (2099)
---------------------------
 There are 271 register/latch pins with no clock driven by root clock pin: mrx_clk_pad_i (HIGH)

 There are 176 register/latch pins with no clock driven by root clock pin: mtx_clk_pad_i (HIGH)

 There are 1576 register/latch pins with no clock driven by root clock pin: pclk_i (HIGH)

 There are 4 register/latch pins with no clock driven by root clock pin: txethmac1/txcounters1/NibCnt_reg[10]/Q (HIGH)

 There are 4 register/latch pins with no clock driven by root clock pin: txethmac1/txcounters1/NibCnt_reg[11]/Q (HIGH)

 There are 4 register/latch pins with no clock driven by root clock pin: txethmac1/txcounters1/NibCnt_reg[12]/Q (HIGH)

 There are 4 register/latch pins with no clock driven by root clock pin: txethmac1/txcounters1/NibCnt_reg[13]/Q (HIGH)

 There are 4 register/latch pins with no clock driven by root clock pin: txethmac1/txcounters1/NibCnt_reg[14]/Q (HIGH)

 There are 4 register/latch pins with no clock driven by root clock pin: txethmac1/txcounters1/NibCnt_reg[15]/Q (HIGH)

 There are 4 register/latch pins with no clock driven by root clock pin: txethmac1/txcounters1/NibCnt_reg[2]/Q (HIGH)

 There are 4 register/latch pins with no clock driven by root clock pin: txethmac1/txcounters1/NibCnt_reg[3]/Q (HIGH)

 There are 4 register/latch pins with no clock driven by root clock pin: txethmac1/txcounters1/NibCnt_reg[4]/Q (HIGH)

 There are 4 register/latch pins with no clock driven by root clock pin: txethmac1/txcounters1/NibCnt_reg[5]/Q (HIGH)

 There are 4 register/latch pins with no clock driven by root clock pin: txethmac1/txcounters1/NibCnt_reg[6]/Q (HIGH)

 There are 4 register/latch pins with no clock driven by root clock pin: txethmac1/txcounters1/NibCnt_reg[7]/Q (HIGH)

 There are 4 register/latch pins with no clock driven by root clock pin: txethmac1/txcounters1/NibCnt_reg[8]/Q (HIGH)

 There are 4 register/latch pins with no clock driven by root clock pin: txethmac1/txcounters1/NibCnt_reg[9]/Q (HIGH)

 There are 4 register/latch pins with no clock driven by root clock pin: txethmac1/txstatem1/FSM_sequential_state_tx_reg[0]/Q (HIGH)

 There are 4 register/latch pins with no clock driven by root clock pin: txethmac1/txstatem1/FSM_sequential_state_tx_reg[1]/Q (HIGH)

 There are 4 register/latch pins with no clock driven by root clock pin: txethmac1/txstatem1/FSM_sequential_state_tx_reg[2]/Q (HIGH)

 There are 4 register/latch pins with no clock driven by root clock pin: txethmac1/txstatem1/FSM_sequential_state_tx_reg[3]/Q (HIGH)

 There are 2 register/latch pins with no clock driven by root clock pin: wishbone/FSM_sequential_state_reg[0]/Q (HIGH)

 There are 2 register/latch pins with no clock driven by root clock pin: wishbone/FSM_sequential_state_reg[1]/Q (HIGH)


2. checking constant_clock (0)
------------------------------
 There are 0 register/latch pins with constant_clock.


3. checking pulse_width_clock (0)
---------------------------------
 There are 0 register/latch pins which need pulse_width check


4. checking unconstrained_internal_endpoints (5666)
---------------------------------------------------
 There are 5666 pins that are not constrained for maximum delay. (HIGH)

 There are 0 pins that are not constrained for maximum delay due to constant clock.


5. checking no_input_delay (86)
-------------------------------
 There are 86 input ports with no input delay specified. (HIGH)

 There are 0 input ports with no input delay but user has a false path constraint.


6. checking no_output_delay (105)
---------------------------------
 There are 105 ports with no output delay specified. (HIGH)

 There are 0 ports with no output delay but user has a false path constraint

 There are 0 ports with no output delay but with a timing clock defined on it or propagating through it


7. checking multiple_clock (0)
------------------------------
 There are 0 register/latch pins with multiple clocks.


8. checking generated_clocks (0)
--------------------------------
 There are 0 generated clocks that are not connected to a clock source.


9. checking loops (0)
---------------------
 There are 0 combinational loops in the design.


10. checking partial_input_delay (0)
------------------------------------
 There are 0 input ports with partial input delay specified.


11. checking partial_output_delay (0)
-------------------------------------
 There are 0 ports with partial output delay specified.


12. checking latch_loops (0)
----------------------------
 There are 0 combinational latch loops in the design through latch input



------------------------------------------------------------------------------------------------
| Design Timing Summary
| ---------------------
------------------------------------------------------------------------------------------------

    WNS(ns)      TNS(ns)  TNS Failing Endpoints  TNS Total Endpoints      WHS(ns)      THS(ns)  THS Failing Endpoints  THS Total Endpoints     WPWS(ns)     TPWS(ns)  TPWS Failing Endpoints  TPWS Total Endpoints  
    -------      -------  ---------------------  -------------------      -------      -------  ---------------------  -------------------     --------     --------  ----------------------  --------------------  
        inf        0.000                      0                 5771          inf        0.000                      0                 5771           NA           NA                      NA                    NA  


There are no user specified timing constraints.


------------------------------------------------------------------------------------------------
| Clock Summary
| -------------
------------------------------------------------------------------------------------------------


------------------------------------------------------------------------------------------------
| Intra Clock Table
| -----------------
------------------------------------------------------------------------------------------------

Clock             WNS(ns)      TNS(ns)  TNS Failing Endpoints  TNS Total Endpoints      WHS(ns)      THS(ns)  THS Failing Endpoints  THS Total Endpoints     WPWS(ns)     TPWS(ns)  TPWS Failing Endpoints  TPWS Total Endpoints  
-----             -------      -------  ---------------------  -------------------      -------      -------  ---------------------  -------------------     --------     --------  ----------------------  --------------------  


------------------------------------------------------------------------------------------------
| Inter Clock Table
| -----------------
------------------------------------------------------------------------------------------------

From Clock    To Clock          WNS(ns)      TNS(ns)  TNS Failing Endpoints  TNS Total Endpoints      WHS(ns)      THS(ns)  THS Failing Endpoints  THS Total Endpoints  
----------    --------          -------      -------  ---------------------  -------------------      -------      -------  ---------------------  -------------------  


------------------------------------------------------------------------------------------------
| Other Path Groups Table
| -----------------------
------------------------------------------------------------------------------------------------

Path Group    From Clock    To Clock          WNS(ns)      TNS(ns)  TNS Failing Endpoints  TNS Total Endpoints      WHS(ns)      THS(ns)  THS Failing Endpoints  THS Total Endpoints  
----------    ----------    --------          -------      -------  ---------------------  -------------------      -------      -------  ---------------------  -------------------  


------------------------------------------------------------------------------------------------
| User Ignored Path Table
| -----------------------
------------------------------------------------------------------------------------------------

Path Group    From Clock    To Clock    
----------    ----------    --------    


------------------------------------------------------------------------------------------------
| Unconstrained Path Table
| ------------------------
------------------------------------------------------------------------------------------------

Path Group    From Clock    To Clock    
----------    ----------    --------    
(none)                                    


------------------------------------------------------------------------------------------------
| Timing Details
| --------------
------------------------------------------------------------------------------------------------


--------------------------------------------------------------------------------------
Path Group:  (none)
From Clock:  
  To Clock:  

Max Delay          5771 Endpoints
Min Delay          5771 Endpoints
--------------------------------------------------------------------------------------


Max Delay Paths
--------------------------------------------------------------------------------------
Slack:                    inf
  Source:                 prstn_i
                            (input port)
  Destination:            wishbone/rx_fifo/read_pointer_reg[1]/CLR
  Path Group:             (none)
  Path Type:              Max at Slow Process Corner
  Data Path Delay:        18.494ns  (logic 1.084ns (5.862%)  route 17.410ns (94.138%))
  Logic Levels:           2  (IBUF=1 LUT1=1)

    Location             Delay type                Incr(ns)  Path(ns)    Netlist Resource(s)
  -------------------------------------------------------------------    -------------------
    U21                                               0.000     0.000 r  prstn_i (IN)
                         net (fo=0)                   0.000     0.000    prstn_i
    U21                  IBUF (Prop_ibuf_I_O)         0.960     0.960 r  prstn_i_IBUF_inst/O
                         net (fo=33, routed)          2.711     3.671    wishbone/rx_fifo/prstn_i_IBUF
    SLICE_X104Y31        LUT1 (Prop_lut1_I0_O)        0.124     3.795 f  wishbone/rx_fifo/DataOut[7]_i_3__0/O
                         net (fo=1943, routed)       14.698    18.494    wishbone/rx_fifo/SR[0]
    SLICE_X102Y100       FDCE                                         f  wishbone/rx_fifo/read_pointer_reg[1]/CLR
  -------------------------------------------------------------------    -------------------

Slack:                    inf
  Source:                 prstn_i
                            (input port)
  Destination:            wishbone/rx_fifo/read_pointer_reg[2]/CLR
  Path Group:             (none)
  Path Type:              Max at Slow Process Corner
  Data Path Delay:        18.494ns  (logic 1.084ns (5.862%)  route 17.410ns (94.138%))
  Logic Levels:           2  (IBUF=1 LUT1=1)

    Location             Delay type                Incr(ns)  Path(ns)    Netlist Resource(s)
  -------------------------------------------------------------------    -------------------
    U21                                               0.000     0.000 r  prstn_i (IN)
                         net (fo=0)                   0.000     0.000    prstn_i
    U21                  IBUF (Prop_ibuf_I_O)         0.960     0.960 r  prstn_i_IBUF_inst/O
                         net (fo=33, routed)          2.711     3.671    wishbone/rx_fifo/prstn_i_IBUF
    SLICE_X104Y31        LUT1 (Prop_lut1_I0_O)        0.124     3.795 f  wishbone/rx_fifo/DataOut[7]_i_3__0/O
                         net (fo=1943, routed)       14.698    18.494    wishbone/rx_fifo/SR[0]
    SLICE_X102Y100       FDCE                                         f  wishbone/rx_fifo/read_pointer_reg[2]/CLR
  -------------------------------------------------------------------    -------------------

Slack:                    inf
  Source:                 prstn_i
                            (input port)
  Destination:            wishbone/rx_fifo/read_pointer_reg[3]/CLR
  Path Group:             (none)
  Path Type:              Max at Slow Process Corner
  Data Path Delay:        18.494ns  (logic 1.084ns (5.862%)  route 17.410ns (94.138%))
  Logic Levels:           2  (IBUF=1 LUT1=1)

    Location             Delay type                Incr(ns)  Path(ns)    Netlist Resource(s)
  -------------------------------------------------------------------    -------------------
    U21                                               0.000     0.000 r  prstn_i (IN)
                         net (fo=0)                   0.000     0.000    prstn_i
    U21                  IBUF (Prop_ibuf_I_O)         0.960     0.960 r  prstn_i_IBUF_inst/O
                         net (fo=33, routed)          2.711     3.671    wishbone/rx_fifo/prstn_i_IBUF
    SLICE_X104Y31        LUT1 (Prop_lut1_I0_O)        0.124     3.795 f  wishbone/rx_fifo/DataOut[7]_i_3__0/O
                         net (fo=1943, routed)       14.698    18.494    wishbone/rx_fifo/SR[0]
    SLICE_X102Y100       FDCE                                         f  wishbone/rx_fifo/read_pointer_reg[3]/CLR
  -------------------------------------------------------------------    -------------------

Slack:                    inf
  Source:                 prstn_i
                            (input port)
  Destination:            wishbone/rx_fifo/fifo_reg[15][28]/R
  Path Group:             (none)
  Path Type:              Max at Slow Process Corner
  Data Path Delay:        18.450ns  (logic 1.084ns (5.875%)  route 17.366ns (94.125%))
  Logic Levels:           2  (IBUF=1 LUT1=1)

    Location             Delay type                Incr(ns)  Path(ns)    Netlist Resource(s)
  -------------------------------------------------------------------    -------------------
    U21                                               0.000     0.000 f  prstn_i (IN)
                         net (fo=0)                   0.000     0.000    prstn_i
    U21                  IBUF (Prop_ibuf_I_O)         0.960     0.960 f  prstn_i_IBUF_inst/O
                         net (fo=33, routed)          2.711     3.671    wishbone/rx_fifo/prstn_i_IBUF
    SLICE_X104Y31        LUT1 (Prop_lut1_I0_O)        0.124     3.795 r  wishbone/rx_fifo/DataOut[7]_i_3__0/O
                         net (fo=1943, routed)       14.655    18.450    wishbone/rx_fifo/SR[0]
    SLICE_X101Y112       FDRE                                         r  wishbone/rx_fifo/fifo_reg[15][28]/R
  -------------------------------------------------------------------    -------------------

Slack:                    inf
  Source:                 prstn_i
                            (input port)
  Destination:            wishbone/rx_fifo/write_pointer_reg[0]/CLR
  Path Group:             (none)
  Path Type:              Max at Slow Process Corner
  Data Path Delay:        18.360ns  (logic 1.084ns (5.904%)  route 17.276ns (94.096%))
  Logic Levels:           2  (IBUF=1 LUT1=1)

    Location             Delay type                Incr(ns)  Path(ns)    Netlist Resource(s)
  -------------------------------------------------------------------    -------------------
    U21                                               0.000     0.000 r  prstn_i (IN)
                         net (fo=0)                   0.000     0.000    prstn_i
    U21                  IBUF (Prop_ibuf_I_O)         0.960     0.960 r  prstn_i_IBUF_inst/O
                         net (fo=33, routed)          2.711     3.671    wishbone/rx_fifo/prstn_i_IBUF
    SLICE_X104Y31        LUT1 (Prop_lut1_I0_O)        0.124     3.795 f  wishbone/rx_fifo/DataOut[7]_i_3__0/O
                         net (fo=1943, routed)       14.565    18.360    wishbone/rx_fifo/SR[0]
    SLICE_X102Y101       FDCE                                         f  wishbone/rx_fifo/write_pointer_reg[0]/CLR
  -------------------------------------------------------------------    -------------------

Slack:                    inf
  Source:                 prstn_i
                            (input port)
  Destination:            wishbone/rx_fifo/write_pointer_reg[1]/CLR
  Path Group:             (none)
  Path Type:              Max at Slow Process Corner
  Data Path Delay:        18.360ns  (logic 1.084ns (5.904%)  route 17.276ns (94.096%))
  Logic Levels:           2  (IBUF=1 LUT1=1)

    Location             Delay type                Incr(ns)  Path(ns)    Netlist Resource(s)
  -------------------------------------------------------------------    -------------------
    U21                                               0.000     0.000 r  prstn_i (IN)
                         net (fo=0)                   0.000     0.000    prstn_i
    U21                  IBUF (Prop_ibuf_I_O)         0.960     0.960 r  prstn_i_IBUF_inst/O
                         net (fo=33, routed)          2.711     3.671    wishbone/rx_fifo/prstn_i_IBUF
    SLICE_X104Y31        LUT1 (Prop_lut1_I0_O)        0.124     3.795 f  wishbone/rx_fifo/DataOut[7]_i_3__0/O
                         net (fo=1943, routed)       14.565    18.360    wishbone/rx_fifo/SR[0]
    SLICE_X103Y101       FDCE                                         f  wishbone/rx_fifo/write_pointer_reg[1]/CLR
  -------------------------------------------------------------------    -------------------

Slack:                    inf
  Source:                 prstn_i
                            (input port)
  Destination:            wishbone/rx_fifo/write_pointer_reg[2]/CLR
  Path Group:             (none)
  Path Type:              Max at Slow Process Corner
  Data Path Delay:        18.360ns  (logic 1.084ns (5.904%)  route 17.276ns (94.096%))
  Logic Levels:           2  (IBUF=1 LUT1=1)

    Location             Delay type                Incr(ns)  Path(ns)    Netlist Resource(s)
  -------------------------------------------------------------------    -------------------
    U21                                               0.000     0.000 r  prstn_i (IN)
                         net (fo=0)                   0.000     0.000    prstn_i
    U21                  IBUF (Prop_ibuf_I_O)         0.960     0.960 r  prstn_i_IBUF_inst/O
                         net (fo=33, routed)          2.711     3.671    wishbone/rx_fifo/prstn_i_IBUF
    SLICE_X104Y31        LUT1 (Prop_lut1_I0_O)        0.124     3.795 f  wishbone/rx_fifo/DataOut[7]_i_3__0/O
                         net (fo=1943, routed)       14.565    18.360    wishbone/rx_fifo/SR[0]
    SLICE_X103Y101       FDCE                                         f  wishbone/rx_fifo/write_pointer_reg[2]/CLR
  -------------------------------------------------------------------    -------------------

Slack:                    inf
  Source:                 prstn_i
                            (input port)
  Destination:            wishbone/rx_fifo/write_pointer_reg[3]/CLR
  Path Group:             (none)
  Path Type:              Max at Slow Process Corner
  Data Path Delay:        18.360ns  (logic 1.084ns (5.904%)  route 17.276ns (94.096%))
  Logic Levels:           2  (IBUF=1 LUT1=1)

    Location             Delay type                Incr(ns)  Path(ns)    Netlist Resource(s)
  -------------------------------------------------------------------    -------------------
    U21                                               0.000     0.000 r  prstn_i (IN)
                         net (fo=0)                   0.000     0.000    prstn_i
    U21                  IBUF (Prop_ibuf_I_O)         0.960     0.960 r  prstn_i_IBUF_inst/O
                         net (fo=33, routed)          2.711     3.671    wishbone/rx_fifo/prstn_i_IBUF
    SLICE_X104Y31        LUT1 (Prop_lut1_I0_O)        0.124     3.795 f  wishbone/rx_fifo/DataOut[7]_i_3__0/O
                         net (fo=1943, routed)       14.565    18.360    wishbone/rx_fifo/SR[0]
    SLICE_X102Y101       FDCE                                         f  wishbone/rx_fifo/write_pointer_reg[3]/CLR
  -------------------------------------------------------------------    -------------------

Slack:                    inf
  Source:                 prstn_i
                            (input port)
  Destination:            wishbone/rx_fifo/fifo_reg[10][10]/R
  Path Group:             (none)
  Path Type:              Max at Slow Process Corner
  Data Path Delay:        18.334ns  (logic 1.084ns (5.912%)  route 17.250ns (94.088%))
  Logic Levels:           2  (IBUF=1 LUT1=1)

    Location             Delay type                Incr(ns)  Path(ns)    Netlist Resource(s)
  -------------------------------------------------------------------    -------------------
    U21                                               0.000     0.000 f  prstn_i (IN)
                         net (fo=0)                   0.000     0.000    prstn_i
    U21                  IBUF (Prop_ibuf_I_O)         0.960     0.960 f  prstn_i_IBUF_inst/O
                         net (fo=33, routed)          2.711     3.671    wishbone/rx_fifo/prstn_i_IBUF
    SLICE_X104Y31        LUT1 (Prop_lut1_I0_O)        0.124     3.795 r  wishbone/rx_fifo/DataOut[7]_i_3__0/O
                         net (fo=1943, routed)       14.539    18.334    wishbone/rx_fifo/SR[0]
    SLICE_X101Y106       FDRE                                         r  wishbone/rx_fifo/fifo_reg[10][10]/R
  -------------------------------------------------------------------    -------------------

Slack:                    inf
  Source:                 prstn_i
                            (input port)
  Destination:            wishbone/rx_fifo/fifo_reg[10][7]/R
  Path Group:             (none)
  Path Type:              Max at Slow Process Corner
  Data Path Delay:        18.334ns  (logic 1.084ns (5.912%)  route 17.250ns (94.088%))
  Logic Levels:           2  (IBUF=1 LUT1=1)

    Location             Delay type                Incr(ns)  Path(ns)    Netlist Resource(s)
  -------------------------------------------------------------------    -------------------
    U21                                               0.000     0.000 f  prstn_i (IN)
                         net (fo=0)                   0.000     0.000    prstn_i
    U21                  IBUF (Prop_ibuf_I_O)         0.960     0.960 f  prstn_i_IBUF_inst/O
                         net (fo=33, routed)          2.711     3.671    wishbone/rx_fifo/prstn_i_IBUF
    SLICE_X104Y31        LUT1 (Prop_lut1_I0_O)        0.124     3.795 r  wishbone/rx_fifo/DataOut[7]_i_3__0/O
                         net (fo=1943, routed)       14.539    18.334    wishbone/rx_fifo/SR[0]
    SLICE_X101Y106       FDRE                                         r  wishbone/rx_fifo/fifo_reg[10][7]/R
  -------------------------------------------------------------------    -------------------





Min Delay Paths
--------------------------------------------------------------------------------------
Slack:                    inf
  Source:                 rxethmac1/py_gt_len_pad1_dat0_reg/C
                            (rising edge-triggered cell FDPE)
  Destination:            rxethmac1/shift8_py_gt_len_pad1_dat0_f0_reg/D
  Path Group:             (none)
  Path Type:              Min at Fast Process Corner
  Data Path Delay:        0.217ns  (logic 0.141ns (64.847%)  route 0.076ns (35.153%))
  Logic Levels:           1  (FDPE=1)

    Location             Delay type                Incr(ns)  Path(ns)    Netlist Resource(s)
  -------------------------------------------------------------------    -------------------
    SLICE_X110Y48        FDPE                         0.000     0.000 r  rxethmac1/py_gt_len_pad1_dat0_reg/C
    SLICE_X110Y48        FDPE (Prop_fdpe_C_Q)         0.141     0.141 r  rxethmac1/py_gt_len_pad1_dat0_reg/Q
                         net (fo=2, routed)           0.076     0.217    rxethmac1/py_gt_len_pad1_dat0
    SLICE_X110Y48        FDPE                                         r  rxethmac1/shift8_py_gt_len_pad1_dat0_f0_reg/D
  -------------------------------------------------------------------    -------------------

Slack:                    inf
  Source:                 u_apb_BDs_bridge/wb_paddr_o_reg[8]/C
                            (rising edge-triggered cell FDCE)
  Destination:            wishbone/ram_addr_reg[6]/D
  Path Group:             (none)
  Path Type:              Min at Fast Process Corner
  Data Path Delay:        0.240ns  (logic 0.186ns (77.466%)  route 0.054ns (22.534%))
  Logic Levels:           2  (FDCE=1 LUT6=1)

    Location             Delay type                Incr(ns)  Path(ns)    Netlist Resource(s)
  -------------------------------------------------------------------    -------------------
    SLICE_X109Y33        FDCE                         0.000     0.000 r  u_apb_BDs_bridge/wb_paddr_o_reg[8]/C
    SLICE_X109Y33        FDCE (Prop_fdce_C_Q)         0.141     0.141 r  u_apb_BDs_bridge/wb_paddr_o_reg[8]/Q
                         net (fo=1, routed)           0.054     0.195    wishbone/ram_addr_reg[7]_0[6]
    SLICE_X108Y33        LUT6 (Prop_lut6_I5_O)        0.045     0.240 r  wishbone/ram_addr[6]_i_1/O
                         net (fo=1, routed)           0.000     0.240    wishbone/ram_addr[6]
    SLICE_X108Y33        FDCE                                         r  wishbone/ram_addr_reg[6]/D
  -------------------------------------------------------------------    -------------------

Slack:                    inf
  Source:                 rxethmac1/shift8_py_gt_len_pad1_dat0_f0_reg/C
                            (rising edge-triggered cell FDPE)
  Destination:            rxethmac1/shift8_py_gt_len_pad1_dat0_f1_reg/D
  Path Group:             (none)
  Path Type:              Min at Fast Process Corner
  Data Path Delay:        0.247ns  (logic 0.128ns (51.736%)  route 0.119ns (48.264%))
  Logic Levels:           1  (FDPE=1)

    Location             Delay type                Incr(ns)  Path(ns)    Netlist Resource(s)
  -------------------------------------------------------------------    -------------------
    SLICE_X110Y48        FDPE                         0.000     0.000 r  rxethmac1/shift8_py_gt_len_pad1_dat0_f0_reg/C
    SLICE_X110Y48        FDPE (Prop_fdpe_C_Q)         0.128     0.128 r  rxethmac1/shift8_py_gt_len_pad1_dat0_f0_reg/Q
                         net (fo=1, routed)           0.119     0.247    rxethmac1/shift8_py_gt_len_pad1_dat0_f0
    SLICE_X110Y48        FDPE                                         r  rxethmac1/shift8_py_gt_len_pad1_dat0_f1_reg/D
  -------------------------------------------------------------------    -------------------

Slack:                    inf
  Source:                 wishbone/ram_di_reg[17]/C
                            (rising edge-triggered cell FDCE)
  Destination:            wishbone/bd_ram/mem2_reg/DIADI[1]
  Path Group:             (none)
  Path Type:              Min at Fast Process Corner
  Data Path Delay:        0.250ns  (logic 0.141ns (56.442%)  route 0.109ns (43.558%))
  Logic Levels:           1  (FDCE=1)

    Location             Delay type                Incr(ns)  Path(ns)    Netlist Resource(s)
  -------------------------------------------------------------------    -------------------
    SLICE_X105Y35        FDCE                         0.000     0.000 r  wishbone/ram_di_reg[17]/C
    SLICE_X105Y35        FDCE (Prop_fdce_C_Q)         0.141     0.141 r  wishbone/ram_di_reg[17]/Q
                         net (fo=1, routed)           0.109     0.250    wishbone/bd_ram/mem3_reg_1[17]
    RAMB18_X5Y14         RAMB18E1                                     r  wishbone/bd_ram/mem2_reg/DIADI[1]
  -------------------------------------------------------------------    -------------------

Slack:                    inf
  Source:                 wishbone/ram_di_reg[18]/C
                            (rising edge-triggered cell FDCE)
  Destination:            wishbone/bd_ram/mem2_reg/DIADI[2]
  Path Group:             (none)
  Path Type:              Min at Fast Process Corner
  Data Path Delay:        0.250ns  (logic 0.141ns (56.442%)  route 0.109ns (43.558%))
  Logic Levels:           1  (FDCE=1)

    Location             Delay type                Incr(ns)  Path(ns)    Netlist Resource(s)
  -------------------------------------------------------------------    -------------------
    SLICE_X105Y35        FDCE                         0.000     0.000 r  wishbone/ram_di_reg[18]/C
    SLICE_X105Y35        FDCE (Prop_fdce_C_Q)         0.141     0.141 r  wishbone/ram_di_reg[18]/Q
                         net (fo=1, routed)           0.109     0.250    wishbone/bd_ram/mem3_reg_1[18]
    RAMB18_X5Y14         RAMB18E1                                     r  wishbone/bd_ram/mem2_reg/DIADI[2]
  -------------------------------------------------------------------    -------------------

Slack:                    inf
  Source:                 wishbone/ram_di_reg[19]/C
                            (rising edge-triggered cell FDCE)
  Destination:            wishbone/bd_ram/mem2_reg/DIADI[3]
  Path Group:             (none)
  Path Type:              Min at Fast Process Corner
  Data Path Delay:        0.250ns  (logic 0.141ns (56.442%)  route 0.109ns (43.558%))
  Logic Levels:           1  (FDCE=1)

    Location             Delay type                Incr(ns)  Path(ns)    Netlist Resource(s)
  -------------------------------------------------------------------    -------------------
    SLICE_X105Y35        FDCE                         0.000     0.000 r  wishbone/ram_di_reg[19]/C
    SLICE_X105Y35        FDCE (Prop_fdce_C_Q)         0.141     0.141 r  wishbone/ram_di_reg[19]/Q
                         net (fo=1, routed)           0.109     0.250    wishbone/bd_ram/mem3_reg_1[19]
    RAMB18_X5Y14         RAMB18E1                                     r  wishbone/bd_ram/mem2_reg/DIADI[3]
  -------------------------------------------------------------------    -------------------

Slack:                    inf
  Source:                 wishbone/ram_di_reg[26]/C
                            (rising edge-triggered cell FDCE)
  Destination:            wishbone/bd_ram/mem3_reg/DIADI[2]
  Path Group:             (none)
  Path Type:              Min at Fast Process Corner
  Data Path Delay:        0.250ns  (logic 0.141ns (56.442%)  route 0.109ns (43.558%))
  Logic Levels:           1  (FDCE=1)

    Location             Delay type                Incr(ns)  Path(ns)    Netlist Resource(s)
  -------------------------------------------------------------------    -------------------
    SLICE_X105Y38        FDCE                         0.000     0.000 r  wishbone/ram_di_reg[26]/C
    SLICE_X105Y38        FDCE (Prop_fdce_C_Q)         0.141     0.141 r  wishbone/ram_di_reg[26]/Q
                         net (fo=1, routed)           0.109     0.250    wishbone/bd_ram/mem3_reg_1[26]
    RAMB18_X5Y15         RAMB18E1                                     r  wishbone/bd_ram/mem3_reg/DIADI[2]
  -------------------------------------------------------------------    -------------------

Slack:                    inf
  Source:                 wishbone/ram_di_reg[27]/C
                            (rising edge-triggered cell FDCE)
  Destination:            wishbone/bd_ram/mem3_reg/DIADI[3]
  Path Group:             (none)
  Path Type:              Min at Fast Process Corner
  Data Path Delay:        0.250ns  (logic 0.141ns (56.442%)  route 0.109ns (43.558%))
  Logic Levels:           1  (FDCE=1)

    Location             Delay type                Incr(ns)  Path(ns)    Netlist Resource(s)
  -------------------------------------------------------------------    -------------------
    SLICE_X105Y38        FDCE                         0.000     0.000 r  wishbone/ram_di_reg[27]/C
    SLICE_X105Y38        FDCE (Prop_fdce_C_Q)         0.141     0.141 r  wishbone/ram_di_reg[27]/Q
                         net (fo=1, routed)           0.109     0.250    wishbone/bd_ram/mem3_reg_1[27]
    RAMB18_X5Y15         RAMB18E1                                     r  wishbone/bd_ram/mem3_reg/DIADI[3]
  -------------------------------------------------------------------    -------------------

Slack:                    inf
  Source:                 txethmac1/StatusLatch_reg/C
                            (rising edge-triggered cell FDCE)
  Destination:            txethmac1/TxDone_reg/D
  Path Group:             (none)
  Path Type:              Min at Fast Process Corner
  Data Path Delay:        0.251ns  (logic 0.186ns (74.103%)  route 0.065ns (25.897%))
  Logic Levels:           2  (FDCE=1 LUT6=1)

    Location             Delay type                Incr(ns)  Path(ns)    Netlist Resource(s)
  -------------------------------------------------------------------    -------------------
    SLICE_X101Y45        FDCE                         0.000     0.000 r  txethmac1/StatusLatch_reg/C
    SLICE_X101Y45        FDCE (Prop_fdce_C_Q)         0.141     0.141 r  txethmac1/StatusLatch_reg/Q
                         net (fo=3, routed)           0.065     0.206    txethmac1/txcounters1/TxDone_reg_0
    SLICE_X100Y45        LUT6 (Prop_lut6_I3_O)        0.045     0.251 r  txethmac1/txcounters1/TxDone_i_1/O
                         net (fo=1, routed)           0.000     0.251    txethmac1/txcounters1_n_60
    SLICE_X100Y45        FDCE                                         r  txethmac1/TxDone_reg/D
  -------------------------------------------------------------------    -------------------

Slack:                    inf
  Source:                 wishbone/RxBDAddress_reg[7]/C
                            (rising edge-triggered cell FDCE)
  Destination:            wishbone/ram_addr_reg[7]/D
  Path Group:             (none)
  Path Type:              Min at Fast Process Corner
  Data Path Delay:        0.251ns  (logic 0.186ns (74.086%)  route 0.065ns (25.914%))
  Logic Levels:           2  (FDCE=1 LUT6=1)

    Location             Delay type                Incr(ns)  Path(ns)    Netlist Resource(s)
  -------------------------------------------------------------------    -------------------
    SLICE_X106Y33        FDCE                         0.000     0.000 r  wishbone/RxBDAddress_reg[7]/C
    SLICE_X106Y33        FDCE (Prop_fdce_C_Q)         0.141     0.141 r  wishbone/RxBDAddress_reg[7]/Q
                         net (fo=2, routed)           0.065     0.206    wishbone/RxBDAddress[7]
    SLICE_X107Y33        LUT6 (Prop_lut6_I0_O)        0.045     0.251 r  wishbone/ram_addr[7]_i_1/O
                         net (fo=1, routed)           0.000     0.251    wishbone/ram_addr[7]
    SLICE_X107Y33        FDCE                                         r  wishbone/ram_addr_reg[7]/D
  -------------------------------------------------------------------    -------------------





