Copyright 1986-2021 Xilinx, Inc. All Rights Reserved.
------------------------------------------------------------------------------------------------------------
| Tool Version : Vivado v.2021.2 (lin64) Build 3367213 Tue Oct 19 02:47:39 MDT 2021
| Date         : Sun Nov 10 15:45:23 2024
| Host         : krisemi-satcom-Vostro-3520 running 64-bit Ubuntu 20.04.6 LTS
| Command      : report_drc -file eth_top_drc_opted.rpt -pb eth_top_drc_opted.pb -rpx eth_top_drc_opted.rpx
| Design       : eth_top
| Device       : xc7z020clg484-1
| Speed File   : -1
| Design State : Synthesized
------------------------------------------------------------------------------------------------------------

Report DRC

Table of Contents
-----------------
1. REPORT SUMMARY
2. REPORT DETAILS

1. REPORT SUMMARY
-----------------
            Netlist: netlist
          Floorplan: design_1
      Design limits: <entire design considered>
           Ruledeck: default
             Max violations: <unlimited>
             Violations found: 24
+-----------+------------------+----------------------------+------------+
| Rule      | Severity         | Description                | Violations |
+-----------+------------------+----------------------------+------------+
| NSTD-1    | Critical Warning | Unspecified I/O Standard   | 1          |
| UCIO-1    | Critical Warning | Unconstrained Logical Port | 1          |
| CHECK-3   | Warning          | Report rule limit reached  | 1          |
| REQP-1840 | Warning          | RAMB18 async control check | 20         |
| ZPS7-1    | Warning          | PS7 block required         | 1          |
+-----------+------------------+----------------------------+------------+

2. REPORT DETAILS
-----------------
NSTD-1#1 Critical Warning
Unspecified I/O Standard  
196 out of 196 logical ports use I/O standard (IOSTANDARD) value 'DEFAULT', instead of a user assigned specific value. This may cause I/O contention or incompatibility with the board power or connectivity affecting performance, signal integrity or in extreme cases cause damage to the device or the components to which it is connected. To correct this violation, specify all I/O standards. This design will fail to generate a bitstream unless all logical ports have a user specified I/O standard value defined. To allow bitstream creation with unspecified I/O standard values (not recommended), use this command: set_property SEVERITY {Warning} [get_drc_checks NSTD-1].  NOTE: When using the Vivado Runs infrastructure (e.g. launch_runs Tcl command), add this command to a .tcl file and add that file as a pre-hook for write_bitstream step for the implementation run. Problem ports: m_paddr_o[31:0], m_prdata_i[31:0], m_pwdata_o[31:0], mrxd_pad_i[3:0],
mtxd_pad_o[3:0], paddr_i[10], paddr_i[11], paddr_i[2], paddr_i[3],
paddr_i[4], paddr_i[5], paddr_i[6], paddr_i[7], paddr_i[8], paddr_i[9]
 (the first 15 of 35 listed).
Related violations: <none>

UCIO-1#1 Critical Warning
Unconstrained Logical Port  
196 out of 196 logical ports have no user assigned specific location constraint (LOC). This may cause I/O contention or incompatibility with the board power or connectivity affecting performance, signal integrity or in extreme cases cause damage to the device or the components to which it is connected. To correct this violation, specify all pin locations. This design will fail to generate a bitstream unless all logical ports have a user specified site LOC constraint defined.  To allow bitstream creation with unspecified pin locations (not recommended), use this command: set_property SEVERITY {Warning} [get_drc_checks UCIO-1].  NOTE: When using the Vivado Runs infrastructure (e.g. launch_runs Tcl command), add this command to a .tcl file and add that file as a pre-hook for write_bitstream step for the implementation run.  Problem ports: m_paddr_o[31:0], m_prdata_i[31:0], m_pwdata_o[31:0], mrxd_pad_i[3:0],
mtxd_pad_o[3:0], paddr_i[10], paddr_i[11], paddr_i[2], paddr_i[3],
paddr_i[4], paddr_i[5], paddr_i[6], paddr_i[7], paddr_i[8], paddr_i[9]
 (the first 15 of 35 listed).
Related violations: <none>

CHECK-3#1 Warning
Report rule limit reached  
REQP-1840 rule limit reached: 20 violations have been found.
Related violations: <none>

REQP-1840#1 Warning
RAMB18 async control check  
The RAMB18E1 wishbone/bd_ram/mem0_reg has an input control pin wishbone/bd_ram/mem0_reg/ADDRARDADDR[10] (net: wishbone/bd_ram/Q[6]) which is driven by a register (wishbone/ram_addr_reg[6]) that has an active asychronous set or reset. This may cause corruption of the memory contents and/or read values when the set/reset is asserted and is not analyzed by the default static timing analysis. It is suggested to eliminate the use of a set/reset to registers driving this RAMB pin or else use a synchronous reset in which the assertion of the reset is timed by default.
Related violations: <none>

REQP-1840#2 Warning
RAMB18 async control check  
The RAMB18E1 wishbone/bd_ram/mem0_reg has an input control pin wishbone/bd_ram/mem0_reg/ADDRARDADDR[11] (net: wishbone/bd_ram/Q[7]) which is driven by a register (wishbone/ram_addr_reg[7]) that has an active asychronous set or reset. This may cause corruption of the memory contents and/or read values when the set/reset is asserted and is not analyzed by the default static timing analysis. It is suggested to eliminate the use of a set/reset to registers driving this RAMB pin or else use a synchronous reset in which the assertion of the reset is timed by default.
Related violations: <none>

REQP-1840#3 Warning
RAMB18 async control check  
The RAMB18E1 wishbone/bd_ram/mem0_reg has an input control pin wishbone/bd_ram/mem0_reg/ADDRARDADDR[4] (net: wishbone/bd_ram/Q[0]) which is driven by a register (wishbone/ram_addr_reg[0]) that has an active asychronous set or reset. This may cause corruption of the memory contents and/or read values when the set/reset is asserted and is not analyzed by the default static timing analysis. It is suggested to eliminate the use of a set/reset to registers driving this RAMB pin or else use a synchronous reset in which the assertion of the reset is timed by default.
Related violations: <none>

REQP-1840#4 Warning
RAMB18 async control check  
The RAMB18E1 wishbone/bd_ram/mem0_reg has an input control pin wishbone/bd_ram/mem0_reg/ADDRARDADDR[5] (net: wishbone/bd_ram/Q[1]) which is driven by a register (wishbone/ram_addr_reg[1]) that has an active asychronous set or reset. This may cause corruption of the memory contents and/or read values when the set/reset is asserted and is not analyzed by the default static timing analysis. It is suggested to eliminate the use of a set/reset to registers driving this RAMB pin or else use a synchronous reset in which the assertion of the reset is timed by default.
Related violations: <none>

REQP-1840#5 Warning
RAMB18 async control check  
The RAMB18E1 wishbone/bd_ram/mem0_reg has an input control pin wishbone/bd_ram/mem0_reg/ADDRARDADDR[6] (net: wishbone/bd_ram/Q[2]) which is driven by a register (wishbone/ram_addr_reg[2]) that has an active asychronous set or reset. This may cause corruption of the memory contents and/or read values when the set/reset is asserted and is not analyzed by the default static timing analysis. It is suggested to eliminate the use of a set/reset to registers driving this RAMB pin or else use a synchronous reset in which the assertion of the reset is timed by default.
Related violations: <none>

REQP-1840#6 Warning
RAMB18 async control check  
The RAMB18E1 wishbone/bd_ram/mem0_reg has an input control pin wishbone/bd_ram/mem0_reg/ADDRARDADDR[7] (net: wishbone/bd_ram/Q[3]) which is driven by a register (wishbone/ram_addr_reg[3]) that has an active asychronous set or reset. This may cause corruption of the memory contents and/or read values when the set/reset is asserted and is not analyzed by the default static timing analysis. It is suggested to eliminate the use of a set/reset to registers driving this RAMB pin or else use a synchronous reset in which the assertion of the reset is timed by default.
Related violations: <none>

REQP-1840#7 Warning
RAMB18 async control check  
The RAMB18E1 wishbone/bd_ram/mem0_reg has an input control pin wishbone/bd_ram/mem0_reg/ADDRARDADDR[8] (net: wishbone/bd_ram/Q[4]) which is driven by a register (wishbone/ram_addr_reg[4]) that has an active asychronous set or reset. This may cause corruption of the memory contents and/or read values when the set/reset is asserted and is not analyzed by the default static timing analysis. It is suggested to eliminate the use of a set/reset to registers driving this RAMB pin or else use a synchronous reset in which the assertion of the reset is timed by default.
Related violations: <none>

REQP-1840#8 Warning
RAMB18 async control check  
The RAMB18E1 wishbone/bd_ram/mem0_reg has an input control pin wishbone/bd_ram/mem0_reg/ADDRARDADDR[9] (net: wishbone/bd_ram/Q[5]) which is driven by a register (wishbone/ram_addr_reg[5]) that has an active asychronous set or reset. This may cause corruption of the memory contents and/or read values when the set/reset is asserted and is not analyzed by the default static timing analysis. It is suggested to eliminate the use of a set/reset to registers driving this RAMB pin or else use a synchronous reset in which the assertion of the reset is timed by default.
Related violations: <none>

REQP-1840#9 Warning
RAMB18 async control check  
The RAMB18E1 wishbone/bd_ram/mem0_reg has an input control pin wishbone/bd_ram/mem0_reg/WEA[1] (net: wishbone/bd_ram/ram_we[3]) which is driven by a register (wishbone/BDWrite_reg[3]) that has an active asychronous set or reset. This may cause corruption of the memory contents and/or read values when the set/reset is asserted and is not analyzed by the default static timing analysis. It is suggested to eliminate the use of a set/reset to registers driving this RAMB pin or else use a synchronous reset in which the assertion of the reset is timed by default.
Related violations: <none>

REQP-1840#10 Warning
RAMB18 async control check  
The RAMB18E1 wishbone/bd_ram/mem0_reg has an input control pin wishbone/bd_ram/mem0_reg/WEA[1] (net: wishbone/bd_ram/ram_we[3]) which is driven by a register (wishbone/BlockingTxStatusWrite_reg) that has an active asychronous set or reset. This may cause corruption of the memory contents and/or read values when the set/reset is asserted and is not analyzed by the default static timing analysis. It is suggested to eliminate the use of a set/reset to registers driving this RAMB pin or else use a synchronous reset in which the assertion of the reset is timed by default.
Related violations: <none>

REQP-1840#11 Warning
RAMB18 async control check  
The RAMB18E1 wishbone/bd_ram/mem0_reg has an input control pin wishbone/bd_ram/mem0_reg/WEA[1] (net: wishbone/bd_ram/ram_we[3]) which is driven by a register (wishbone/RxEn_q_reg) that has an active asychronous set or reset. This may cause corruption of the memory contents and/or read values when the set/reset is asserted and is not analyzed by the default static timing analysis. It is suggested to eliminate the use of a set/reset to registers driving this RAMB pin or else use a synchronous reset in which the assertion of the reset is timed by default.
Related violations: <none>

REQP-1840#12 Warning
RAMB18 async control check  
The RAMB18E1 wishbone/bd_ram/mem0_reg has an input control pin wishbone/bd_ram/mem0_reg/WEA[1] (net: wishbone/bd_ram/ram_we[3]) which is driven by a register (wishbone/RxEn_reg) that has an active asychronous set or reset. This may cause corruption of the memory contents and/or read values when the set/reset is asserted and is not analyzed by the default static timing analysis. It is suggested to eliminate the use of a set/reset to registers driving this RAMB pin or else use a synchronous reset in which the assertion of the reset is timed by default.
Related violations: <none>

REQP-1840#13 Warning
RAMB18 async control check  
The RAMB18E1 wishbone/bd_ram/mem0_reg has an input control pin wishbone/bd_ram/mem0_reg/WEA[1] (net: wishbone/bd_ram/ram_we[3]) which is driven by a register (wishbone/ShiftEnded_reg) that has an active asychronous set or reset. This may cause corruption of the memory contents and/or read values when the set/reset is asserted and is not analyzed by the default static timing analysis. It is suggested to eliminate the use of a set/reset to registers driving this RAMB pin or else use a synchronous reset in which the assertion of the reset is timed by default.
Related violations: <none>

REQP-1840#14 Warning
RAMB18 async control check  
The RAMB18E1 wishbone/bd_ram/mem0_reg has an input control pin wishbone/bd_ram/mem0_reg/WEA[1] (net: wishbone/bd_ram/ram_we[3]) which is driven by a register (wishbone/TxAbortPacket_NotCleared_reg) that has an active asychronous set or reset. This may cause corruption of the memory contents and/or read values when the set/reset is asserted and is not analyzed by the default static timing analysis. It is suggested to eliminate the use of a set/reset to registers driving this RAMB pin or else use a synchronous reset in which the assertion of the reset is timed by default.
Related violations: <none>

REQP-1840#15 Warning
RAMB18 async control check  
The RAMB18E1 wishbone/bd_ram/mem0_reg has an input control pin wishbone/bd_ram/mem0_reg/WEA[1] (net: wishbone/bd_ram/ram_we[3]) which is driven by a register (wishbone/TxDonePacket_NotCleared_reg) that has an active asychronous set or reset. This may cause corruption of the memory contents and/or read values when the set/reset is asserted and is not analyzed by the default static timing analysis. It is suggested to eliminate the use of a set/reset to registers driving this RAMB pin or else use a synchronous reset in which the assertion of the reset is timed by default.
Related violations: <none>

REQP-1840#16 Warning
RAMB18 async control check  
The RAMB18E1 wishbone/bd_ram/mem0_reg has an input control pin wishbone/bd_ram/mem0_reg/WEA[1] (net: wishbone/bd_ram/ram_we[3]) which is driven by a register (wishbone/TxEn_q_reg) that has an active asychronous set or reset. This may cause corruption of the memory contents and/or read values when the set/reset is asserted and is not analyzed by the default static timing analysis. It is suggested to eliminate the use of a set/reset to registers driving this RAMB pin or else use a synchronous reset in which the assertion of the reset is timed by default.
Related violations: <none>

REQP-1840#17 Warning
RAMB18 async control check  
The RAMB18E1 wishbone/bd_ram/mem0_reg has an input control pin wishbone/bd_ram/mem0_reg/WEA[1] (net: wishbone/bd_ram/ram_we[3]) which is driven by a register (wishbone/TxEn_reg) that has an active asychronous set or reset. This may cause corruption of the memory contents and/or read values when the set/reset is asserted and is not analyzed by the default static timing analysis. It is suggested to eliminate the use of a set/reset to registers driving this RAMB pin or else use a synchronous reset in which the assertion of the reset is timed by default.
Related violations: <none>

REQP-1840#18 Warning
RAMB18 async control check  
The RAMB18E1 wishbone/bd_ram/mem0_reg has an input control pin wishbone/bd_ram/mem0_reg/WEA[1] (net: wishbone/bd_ram/ram_we[3]) which is driven by a register (wishbone/Tx_BAD_FRAME_f6_reg) that has an active asychronous set or reset. This may cause corruption of the memory contents and/or read values when the set/reset is asserted and is not analyzed by the default static timing analysis. It is suggested to eliminate the use of a set/reset to registers driving this RAMB pin or else use a synchronous reset in which the assertion of the reset is timed by default.
Related violations: <none>

REQP-1840#19 Warning
RAMB18 async control check  
The RAMB18E1 wishbone/bd_ram/mem0_reg has an input control pin wishbone/bd_ram/mem0_reg/WEA[1] (net: wishbone/bd_ram/ram_we[3]) which is driven by a register (wishbone/WbEn_q_reg) that has an active asychronous set or reset. This may cause corruption of the memory contents and/or read values when the set/reset is asserted and is not analyzed by the default static timing analysis. It is suggested to eliminate the use of a set/reset to registers driving this RAMB pin or else use a synchronous reset in which the assertion of the reset is timed by default.
Related violations: <none>

REQP-1840#20 Warning
RAMB18 async control check  
The RAMB18E1 wishbone/bd_ram/mem0_reg has an input control pin wishbone/bd_ram/mem0_reg/WEA[1] (net: wishbone/bd_ram/ram_we[3]) which is driven by a register (wishbone/WbEn_reg) that has an active asychronous set or reset. This may cause corruption of the memory contents and/or read values when the set/reset is asserted and is not analyzed by the default static timing analysis. It is suggested to eliminate the use of a set/reset to registers driving this RAMB pin or else use a synchronous reset in which the assertion of the reset is timed by default.
Related violations: <none>

ZPS7-1#1 Warning
PS7 block required  
The PS7 cell must be used in this Zynq design in order to enable correct default configuration.
Related violations: <none>


