
*** Running vivado
    with args -log eth_top.vdi -applog -m64 -product Vivado -messageDb vivado.pb -mode batch -source eth_top.tcl -notrace


****** Vivado v2021.2 (64-bit)
  **** SW Build 3367213 on Tue Oct 19 02:47:39 MDT 2021
  **** IP Build 3369179 on Thu Oct 21 08:25:16 MDT 2021
    ** Copyright 1986-2021 Xilinx, Inc. All Rights Reserved.

source eth_top.tcl -notrace
Command: link_design -top eth_top -part xc7z020clg484-1
Design is defaulting to srcset: sources_1
Design is defaulting to constrset: constrs_1
INFO: [Device 21-403] Loading part xc7z020clg484-1
Netlist sorting complete. Time (s): cpu = 00:00:00.01 ; elapsed = 00:00:00.02 . Memory (MB): peak = 2843.930 ; gain = 0.000 ; free physical = 453 ; free virtual = 2172
INFO: [Netlist 29-17] Analyzing 272 Unisim elements for replacement
INFO: [Netlist 29-28] Unisim Transformation completed in 0 CPU seconds
INFO: [Project 1-479] Netlist was created with Vivado 2021.2
INFO: [Project 1-570] Preparing netlist for logic optimization
Netlist sorting complete. Time (s): cpu = 00:00:00 ; elapsed = 00:00:00 . Memory (MB): peak = 2843.930 ; gain = 0.000 ; free physical = 343 ; free virtual = 2078
INFO: [Project 1-111] Unisim Transformation Summary:
No Unisim elements were transformed.

6 Infos, 0 Warnings, 0 Critical Warnings and 0 Errors encountered.
link_design completed successfully
Command: opt_design
Attempting to get a license for feature 'Implementation' and/or device 'xc7z020'
INFO: [Common 17-349] Got license for feature 'Implementation' and/or device 'xc7z020'
Running DRC as a precondition to command opt_design

Starting DRC Task
INFO: [DRC 23-27] Running DRC with 4 threads
INFO: [Project 1-461] DRC finished with 0 Errors
INFO: [Project 1-462] Please refer to the DRC report (report_drc) for more information.

Time (s): cpu = 00:00:00.85 ; elapsed = 00:00:00.55 . Memory (MB): peak = 2875.840 ; gain = 31.910 ; free physical = 325 ; free virtual = 2061

Starting Cache Timing Information Task
INFO: [Timing 38-35] Done setting XDC timing constraints.
Ending Cache Timing Information Task | Checksum: d2f31067

Time (s): cpu = 00:00:04 ; elapsed = 00:00:04 . Memory (MB): peak = 2930.652 ; gain = 54.812 ; free physical = 136 ; free virtual = 1698

Starting Logic Optimization Task

Phase 1 Retarget
INFO: [Opt 31-1287] Pulled Inverter u_apb_BDs_bridge/prdata_o_OBUFT[31]_inst_i_2 into driver instance u_apb_BDs_bridge/prdata_o_OBUFT[31]_inst_i_7, which resulted in an inversion of 1 pins
INFO: [Opt 31-1287] Pulled Inverter wishbone/RxDataLatched2[31]_i_1 into driver instance wishbone/RxDataLatched2[31]_i_2, which resulted in an inversion of 27 pins
INFO: [Opt 31-138] Pushed 0 inverter(s) to 0 load pin(s).
INFO: [Opt 31-49] Retargeted 0 cell(s).
Phase 1 Retarget | Checksum: 140b29ac1

Time (s): cpu = 00:00:00.13 ; elapsed = 00:00:00.11 . Memory (MB): peak = 3178.699 ; gain = 0.000 ; free physical = 135 ; free virtual = 1465
INFO: [Opt 31-389] Phase Retarget created 0 cells and removed 2 cells

Phase 2 Constant propagation
INFO: [Opt 31-138] Pushed 0 inverter(s) to 0 load pin(s).
Phase 2 Constant propagation | Checksum: 16b493c2e

Time (s): cpu = 00:00:00.15 ; elapsed = 00:00:00.14 . Memory (MB): peak = 3178.699 ; gain = 0.000 ; free physical = 123 ; free virtual = 1465
INFO: [Opt 31-389] Phase Constant propagation created 0 cells and removed 0 cells

Phase 3 Sweep
Phase 3 Sweep | Checksum: 1707fb2e6

Time (s): cpu = 00:00:00.18 ; elapsed = 00:00:00.17 . Memory (MB): peak = 3178.699 ; gain = 0.000 ; free physical = 122 ; free virtual = 1465
INFO: [Opt 31-389] Phase Sweep created 35 cells and removed 0 cells

Phase 4 BUFG optimization
Phase 4 BUFG optimization | Checksum: 1707fb2e6

Time (s): cpu = 00:00:00.20 ; elapsed = 00:00:00.19 . Memory (MB): peak = 3178.699 ; gain = 0.000 ; free physical = 122 ; free virtual = 1465
INFO: [Opt 31-662] Phase BUFG optimization created 0 cells of which 0 are BUFGs and removed 0 cells.

Phase 5 Shift Register Optimization
INFO: [Opt 31-1064] SRL Remap converted 0 SRLs to 0 registers and converted 0 registers of register chains to 0 SRLs
Phase 5 Shift Register Optimization | Checksum: 1707fb2e6

Time (s): cpu = 00:00:00.21 ; elapsed = 00:00:00.20 . Memory (MB): peak = 3178.699 ; gain = 0.000 ; free physical = 122 ; free virtual = 1466
INFO: [Opt 31-389] Phase Shift Register Optimization created 0 cells and removed 0 cells

Phase 6 Post Processing Netlist
Phase 6 Post Processing Netlist | Checksum: 1094ed235

Time (s): cpu = 00:00:00.22 ; elapsed = 00:00:00.21 . Memory (MB): peak = 3178.699 ; gain = 0.000 ; free physical = 122 ; free virtual = 1466
INFO: [Opt 31-389] Phase Post Processing Netlist created 0 cells and removed 0 cells
Opt_design Change Summary
=========================


-------------------------------------------------------------------------------------------------------------------------
|  Phase                        |  #Cells created  |  #Cells Removed  |  #Constrained objects preventing optimizations  |
-------------------------------------------------------------------------------------------------------------------------
|  Retarget                     |               0  |               2  |                                              0  |
|  Constant propagation         |               0  |               0  |                                              0  |
|  Sweep                        |              35  |               0  |                                              0  |
|  BUFG optimization            |               0  |               0  |                                              0  |
|  Shift Register Optimization  |               0  |               0  |                                              0  |
|  Post Processing Netlist      |               0  |               0  |                                              0  |
-------------------------------------------------------------------------------------------------------------------------



Starting Connectivity Check Task

Time (s): cpu = 00:00:00.01 ; elapsed = 00:00:00 . Memory (MB): peak = 3202.711 ; gain = 0.000 ; free physical = 121 ; free virtual = 1465
Ending Logic Optimization Task | Checksum: dd88582c

Time (s): cpu = 00:00:00.32 ; elapsed = 00:00:00.25 . Memory (MB): peak = 3202.711 ; gain = 24.012 ; free physical = 121 ; free virtual = 1465

Starting Power Optimization Task
INFO: [Pwropt 34-132] Skipping clock gating for clocks with a period < 2.00 ns.
INFO: [Pwropt 34-9] Applying IDT optimizations ...
INFO: [Pwropt 34-10] Applying ODC optimizations ...
INFO: [Timing 38-35] Done setting XDC timing constraints.
WARNING: [Power 33-232] No user defined clocks were found in the design! Power estimation will be inaccurate until this is corrected.
Resolution: Please specify clocks using create_clock/create_generated_clock for sequential elements. For pure combinatorial circuits, please specify a virtual clock, otherwise the vectorless estimation might be inaccurate
Running Vector-less Activity Propagation...

Finished Running Vector-less Activity Propagation


Starting PowerOpt Patch Enables Task
INFO: [Pwropt 34-162] WRITE_MODE attribute of 0 BRAM(s) out of a total of 4 has been updated to save power. Run report_power_opt to get a complete listing of the BRAMs updated.
INFO: [Pwropt 34-201] Structural ODC has moved 0 WE to EN ports
Number of BRAM Ports augmented: 0 newly gated: 0 Total Ports: 8
Ending PowerOpt Patch Enables Task | Checksum: dd88582c

Time (s): cpu = 00:00:00.01 ; elapsed = 00:00:00.01 . Memory (MB): peak = 3396.602 ; gain = 0.000 ; free physical = 195 ; free virtual = 1420
Ending Power Optimization Task | Checksum: dd88582c

Time (s): cpu = 00:00:01 ; elapsed = 00:00:00.95 . Memory (MB): peak = 3396.602 ; gain = 193.891 ; free physical = 195 ; free virtual = 1422

Starting Final Cleanup Task
Ending Final Cleanup Task | Checksum: dd88582c

Time (s): cpu = 00:00:00 ; elapsed = 00:00:00 . Memory (MB): peak = 3396.602 ; gain = 0.000 ; free physical = 195 ; free virtual = 1422

Starting Netlist Obfuscation Task
Netlist sorting complete. Time (s): cpu = 00:00:00 ; elapsed = 00:00:00 . Memory (MB): peak = 3396.602 ; gain = 0.000 ; free physical = 195 ; free virtual = 1422
Ending Netlist Obfuscation Task | Checksum: dd88582c

Time (s): cpu = 00:00:00 ; elapsed = 00:00:00 . Memory (MB): peak = 3396.602 ; gain = 0.000 ; free physical = 195 ; free virtual = 1422
INFO: [Common 17-83] Releasing license: Implementation
30 Infos, 1 Warnings, 0 Critical Warnings and 0 Errors encountered.
opt_design completed successfully
opt_design: Time (s): cpu = 00:00:08 ; elapsed = 00:00:08 . Memory (MB): peak = 3396.602 ; gain = 552.672 ; free physical = 195 ; free virtual = 1422
INFO: [Common 17-1381] The checkpoint '/home/krisemi_satcom/ETHERNET/project/ETHERNET_WITH_APB.runs/impl_1/eth_top_opt.dcp' has been generated.
INFO: [runtcl-4] Executing : report_drc -file eth_top_drc_opted.rpt -pb eth_top_drc_opted.pb -rpx eth_top_drc_opted.rpx
Command: report_drc -file eth_top_drc_opted.rpt -pb eth_top_drc_opted.pb -rpx eth_top_drc_opted.rpx
INFO: [IP_Flow 19-234] Refreshing IP repositories
INFO: [IP_Flow 19-1704] No user IP repositories specified
INFO: [IP_Flow 19-2313] Loaded Vivado IP repository '/tools/Xilinx/Vivado/2021.2/data/ip'.
INFO: [Timing 38-35] Done setting XDC timing constraints.
INFO: [DRC 23-27] Running DRC with 4 threads
INFO: [Vivado_Tcl 2-168] The results of DRC are in file /home/krisemi_satcom/ETHERNET/project/ETHERNET_WITH_APB.runs/impl_1/eth_top_drc_opted.rpt.
report_drc completed successfully
Command: place_design
Attempting to get a license for feature 'Implementation' and/or device 'xc7z020'
INFO: [Common 17-349] Got license for feature 'Implementation' and/or device 'xc7z020'
INFO: [DRC 23-27] Running DRC with 4 threads
INFO: [Vivado_Tcl 4-198] DRC finished with 0 Errors
INFO: [Vivado_Tcl 4-199] Please refer to the DRC report (report_drc) for more information.
Running DRC as a precondition to command place_design
INFO: [DRC 23-27] Running DRC with 4 threads
WARNING: [DRC CHECK-3] Report rule limit reached: REQP-1840 rule limit reached: 20 violations have been found.
WARNING: [DRC REQP-1840] RAMB18 async control check: The RAMB18E1 wishbone/bd_ram/mem0_reg has an input control pin wishbone/bd_ram/mem0_reg/ADDRARDADDR[10] (net: wishbone/bd_ram/Q[6]) which is driven by a register (wishbone/ram_addr_reg[6]) that has an active asychronous set or reset. This may cause corruption of the memory contents and/or read values when the set/reset is asserted and is not analyzed by the default static timing analysis. It is suggested to eliminate the use of a set/reset to registers driving this RAMB pin or else use a synchronous reset in which the assertion of the reset is timed by default.
WARNING: [DRC REQP-1840] RAMB18 async control check: The RAMB18E1 wishbone/bd_ram/mem0_reg has an input control pin wishbone/bd_ram/mem0_reg/ADDRARDADDR[11] (net: wishbone/bd_ram/Q[7]) which is driven by a register (wishbone/ram_addr_reg[7]) that has an active asychronous set or reset. This may cause corruption of the memory contents and/or read values when the set/reset is asserted and is not analyzed by the default static timing analysis. It is suggested to eliminate the use of a set/reset to registers driving this RAMB pin or else use a synchronous reset in which the assertion of the reset is timed by default.
WARNING: [DRC REQP-1840] RAMB18 async control check: The RAMB18E1 wishbone/bd_ram/mem0_reg has an input control pin wishbone/bd_ram/mem0_reg/ADDRARDADDR[4] (net: wishbone/bd_ram/Q[0]) which is driven by a register (wishbone/ram_addr_reg[0]) that has an active asychronous set or reset. This may cause corruption of the memory contents and/or read values when the set/reset is asserted and is not analyzed by the default static timing analysis. It is suggested to eliminate the use of a set/reset to registers driving this RAMB pin or else use a synchronous reset in which the assertion of the reset is timed by default.
WARNING: [DRC REQP-1840] RAMB18 async control check: The RAMB18E1 wishbone/bd_ram/mem0_reg has an input control pin wishbone/bd_ram/mem0_reg/ADDRARDADDR[5] (net: wishbone/bd_ram/Q[1]) which is driven by a register (wishbone/ram_addr_reg[1]) that has an active asychronous set or reset. This may cause corruption of the memory contents and/or read values when the set/reset is asserted and is not analyzed by the default static timing analysis. It is suggested to eliminate the use of a set/reset to registers driving this RAMB pin or else use a synchronous reset in which the assertion of the reset is timed by default.
WARNING: [DRC REQP-1840] RAMB18 async control check: The RAMB18E1 wishbone/bd_ram/mem0_reg has an input control pin wishbone/bd_ram/mem0_reg/ADDRARDADDR[6] (net: wishbone/bd_ram/Q[2]) which is driven by a register (wishbone/ram_addr_reg[2]) that has an active asychronous set or reset. This may cause corruption of the memory contents and/or read values when the set/reset is asserted and is not analyzed by the default static timing analysis. It is suggested to eliminate the use of a set/reset to registers driving this RAMB pin or else use a synchronous reset in which the assertion of the reset is timed by default.
WARNING: [DRC REQP-1840] RAMB18 async control check: The RAMB18E1 wishbone/bd_ram/mem0_reg has an input control pin wishbone/bd_ram/mem0_reg/ADDRARDADDR[7] (net: wishbone/bd_ram/Q[3]) which is driven by a register (wishbone/ram_addr_reg[3]) that has an active asychronous set or reset. This may cause corruption of the memory contents and/or read values when the set/reset is asserted and is not analyzed by the default static timing analysis. It is suggested to eliminate the use of a set/reset to registers driving this RAMB pin or else use a synchronous reset in which the assertion of the reset is timed by default.
WARNING: [DRC REQP-1840] RAMB18 async control check: The RAMB18E1 wishbone/bd_ram/mem0_reg has an input control pin wishbone/bd_ram/mem0_reg/ADDRARDADDR[8] (net: wishbone/bd_ram/Q[4]) which is driven by a register (wishbone/ram_addr_reg[4]) that has an active asychronous set or reset. This may cause corruption of the memory contents and/or read values when the set/reset is asserted and is not analyzed by the default static timing analysis. It is suggested to eliminate the use of a set/reset to registers driving this RAMB pin or else use a synchronous reset in which the assertion of the reset is timed by default.
WARNING: [DRC REQP-1840] RAMB18 async control check: The RAMB18E1 wishbone/bd_ram/mem0_reg has an input control pin wishbone/bd_ram/mem0_reg/ADDRARDADDR[9] (net: wishbone/bd_ram/Q[5]) which is driven by a register (wishbone/ram_addr_reg[5]) that has an active asychronous set or reset. This may cause corruption of the memory contents and/or read values when the set/reset is asserted and is not analyzed by the default static timing analysis. It is suggested to eliminate the use of a set/reset to registers driving this RAMB pin or else use a synchronous reset in which the assertion of the reset is timed by default.
WARNING: [DRC REQP-1840] RAMB18 async control check: The RAMB18E1 wishbone/bd_ram/mem0_reg has an input control pin wishbone/bd_ram/mem0_reg/WEA[1] (net: wishbone/bd_ram/ram_we[3]) which is driven by a register (wishbone/BDWrite_reg[3]) that has an active asychronous set or reset. This may cause corruption of the memory contents and/or read values when the set/reset is asserted and is not analyzed by the default static timing analysis. It is suggested to eliminate the use of a set/reset to registers driving this RAMB pin or else use a synchronous reset in which the assertion of the reset is timed by default.
WARNING: [DRC REQP-1840] RAMB18 async control check: The RAMB18E1 wishbone/bd_ram/mem0_reg has an input control pin wishbone/bd_ram/mem0_reg/WEA[1] (net: wishbone/bd_ram/ram_we[3]) which is driven by a register (wishbone/BlockingTxStatusWrite_reg) that has an active asychronous set or reset. This may cause corruption of the memory contents and/or read values when the set/reset is asserted and is not analyzed by the default static timing analysis. It is suggested to eliminate the use of a set/reset to registers driving this RAMB pin or else use a synchronous reset in which the assertion of the reset is timed by default.
WARNING: [DRC REQP-1840] RAMB18 async control check: The RAMB18E1 wishbone/bd_ram/mem0_reg has an input control pin wishbone/bd_ram/mem0_reg/WEA[1] (net: wishbone/bd_ram/ram_we[3]) which is driven by a register (wishbone/RxEn_q_reg) that has an active asychronous set or reset. This may cause corruption of the memory contents and/or read values when the set/reset is asserted and is not analyzed by the default static timing analysis. It is suggested to eliminate the use of a set/reset to registers driving this RAMB pin or else use a synchronous reset in which the assertion of the reset is timed by default.
WARNING: [DRC REQP-1840] RAMB18 async control check: The RAMB18E1 wishbone/bd_ram/mem0_reg has an input control pin wishbone/bd_ram/mem0_reg/WEA[1] (net: wishbone/bd_ram/ram_we[3]) which is driven by a register (wishbone/RxEn_reg) that has an active asychronous set or reset. This may cause corruption of the memory contents and/or read values when the set/reset is asserted and is not analyzed by the default static timing analysis. It is suggested to eliminate the use of a set/reset to registers driving this RAMB pin or else use a synchronous reset in which the assertion of the reset is timed by default.
WARNING: [DRC REQP-1840] RAMB18 async control check: The RAMB18E1 wishbone/bd_ram/mem0_reg has an input control pin wishbone/bd_ram/mem0_reg/WEA[1] (net: wishbone/bd_ram/ram_we[3]) which is driven by a register (wishbone/ShiftEnded_reg) that has an active asychronous set or reset. This may cause corruption of the memory contents and/or read values when the set/reset is asserted and is not analyzed by the default static timing analysis. It is suggested to eliminate the use of a set/reset to registers driving this RAMB pin or else use a synchronous reset in which the assertion of the reset is timed by default.
WARNING: [DRC REQP-1840] RAMB18 async control check: The RAMB18E1 wishbone/bd_ram/mem0_reg has an input control pin wishbone/bd_ram/mem0_reg/WEA[1] (net: wishbone/bd_ram/ram_we[3]) which is driven by a register (wishbone/TxAbortPacket_NotCleared_reg) that has an active asychronous set or reset. This may cause corruption of the memory contents and/or read values when the set/reset is asserted and is not analyzed by the default static timing analysis. It is suggested to eliminate the use of a set/reset to registers driving this RAMB pin or else use a synchronous reset in which the assertion of the reset is timed by default.
WARNING: [DRC REQP-1840] RAMB18 async control check: The RAMB18E1 wishbone/bd_ram/mem0_reg has an input control pin wishbone/bd_ram/mem0_reg/WEA[1] (net: wishbone/bd_ram/ram_we[3]) which is driven by a register (wishbone/TxDonePacket_NotCleared_reg) that has an active asychronous set or reset. This may cause corruption of the memory contents and/or read values when the set/reset is asserted and is not analyzed by the default static timing analysis. It is suggested to eliminate the use of a set/reset to registers driving this RAMB pin or else use a synchronous reset in which the assertion of the reset is timed by default.
WARNING: [DRC REQP-1840] RAMB18 async control check: The RAMB18E1 wishbone/bd_ram/mem0_reg has an input control pin wishbone/bd_ram/mem0_reg/WEA[1] (net: wishbone/bd_ram/ram_we[3]) which is driven by a register (wishbone/TxEn_q_reg) that has an active asychronous set or reset. This may cause corruption of the memory contents and/or read values when the set/reset is asserted and is not analyzed by the default static timing analysis. It is suggested to eliminate the use of a set/reset to registers driving this RAMB pin or else use a synchronous reset in which the assertion of the reset is timed by default.
WARNING: [DRC REQP-1840] RAMB18 async control check: The RAMB18E1 wishbone/bd_ram/mem0_reg has an input control pin wishbone/bd_ram/mem0_reg/WEA[1] (net: wishbone/bd_ram/ram_we[3]) which is driven by a register (wishbone/TxEn_reg) that has an active asychronous set or reset. This may cause corruption of the memory contents and/or read values when the set/reset is asserted and is not analyzed by the default static timing analysis. It is suggested to eliminate the use of a set/reset to registers driving this RAMB pin or else use a synchronous reset in which the assertion of the reset is timed by default.
WARNING: [DRC REQP-1840] RAMB18 async control check: The RAMB18E1 wishbone/bd_ram/mem0_reg has an input control pin wishbone/bd_ram/mem0_reg/WEA[1] (net: wishbone/bd_ram/ram_we[3]) which is driven by a register (wishbone/Tx_BAD_FRAME_f6_reg) that has an active asychronous set or reset. This may cause corruption of the memory contents and/or read values when the set/reset is asserted and is not analyzed by the default static timing analysis. It is suggested to eliminate the use of a set/reset to registers driving this RAMB pin or else use a synchronous reset in which the assertion of the reset is timed by default.
WARNING: [DRC REQP-1840] RAMB18 async control check: The RAMB18E1 wishbone/bd_ram/mem0_reg has an input control pin wishbone/bd_ram/mem0_reg/WEA[1] (net: wishbone/bd_ram/ram_we[3]) which is driven by a register (wishbone/WbEn_q_reg) that has an active asychronous set or reset. This may cause corruption of the memory contents and/or read values when the set/reset is asserted and is not analyzed by the default static timing analysis. It is suggested to eliminate the use of a set/reset to registers driving this RAMB pin or else use a synchronous reset in which the assertion of the reset is timed by default.
WARNING: [DRC REQP-1840] RAMB18 async control check: The RAMB18E1 wishbone/bd_ram/mem0_reg has an input control pin wishbone/bd_ram/mem0_reg/WEA[1] (net: wishbone/bd_ram/ram_we[3]) which is driven by a register (wishbone/WbEn_reg) that has an active asychronous set or reset. This may cause corruption of the memory contents and/or read values when the set/reset is asserted and is not analyzed by the default static timing analysis. It is suggested to eliminate the use of a set/reset to registers driving this RAMB pin or else use a synchronous reset in which the assertion of the reset is timed by default.
INFO: [Vivado_Tcl 4-198] DRC finished with 0 Errors, 21 Warnings
INFO: [Vivado_Tcl 4-199] Please refer to the DRC report (report_drc) for more information.

Starting Placer Task
INFO: [Place 30-611] Multithreading enabled for place_design using a maximum of 4 CPUs

Phase 1 Placer Initialization

Phase 1.1 Placer Initialization Netlist Sorting
Netlist sorting complete. Time (s): cpu = 00:00:00 ; elapsed = 00:00:00 . Memory (MB): peak = 3396.602 ; gain = 0.000 ; free physical = 157 ; free virtual = 1371
Phase 1.1 Placer Initialization Netlist Sorting | Checksum: 1c9ca482

Time (s): cpu = 00:00:00 ; elapsed = 00:00:00.03 . Memory (MB): peak = 3396.602 ; gain = 0.000 ; free physical = 157 ; free virtual = 1371
Netlist sorting complete. Time (s): cpu = 00:00:00 ; elapsed = 00:00:00 . Memory (MB): peak = 3396.602 ; gain = 0.000 ; free physical = 157 ; free virtual = 1371

Phase 1.2 IO Placement/ Clock Placement/ Build Placer Device
Phase 1.2 IO Placement/ Clock Placement/ Build Placer Device | Checksum: 15b020d35

Time (s): cpu = 00:00:01 ; elapsed = 00:00:00.83 . Memory (MB): peak = 3396.602 ; gain = 0.000 ; free physical = 147 ; free virtual = 1389

Phase 1.3 Build Placer Netlist Model
Phase 1.3 Build Placer Netlist Model | Checksum: 1bcbf5c7a

Time (s): cpu = 00:00:02 ; elapsed = 00:00:00.95 . Memory (MB): peak = 3396.602 ; gain = 0.000 ; free physical = 145 ; free virtual = 1393

Phase 1.4 Constrain Clocks/Macros
Phase 1.4 Constrain Clocks/Macros | Checksum: 1bcbf5c7a

Time (s): cpu = 00:00:02 ; elapsed = 00:00:00.96 . Memory (MB): peak = 3396.602 ; gain = 0.000 ; free physical = 144 ; free virtual = 1393
Phase 1 Placer Initialization | Checksum: 1bcbf5c7a

Time (s): cpu = 00:00:02 ; elapsed = 00:00:00.97 . Memory (MB): peak = 3396.602 ; gain = 0.000 ; free physical = 144 ; free virtual = 1394

Phase 2 Global Placement

Phase 2.1 Floorplanning
Phase 2.1 Floorplanning | Checksum: 1bcbf5c7a

Time (s): cpu = 00:00:02 ; elapsed = 00:00:00.98 . Memory (MB): peak = 3396.602 ; gain = 0.000 ; free physical = 144 ; free virtual = 1395

Phase 2.2 Update Timing before SLR Path Opt
Phase 2.2 Update Timing before SLR Path Opt | Checksum: 1bcbf5c7a

Time (s): cpu = 00:00:02 ; elapsed = 00:00:00.98 . Memory (MB): peak = 3396.602 ; gain = 0.000 ; free physical = 143 ; free virtual = 1395

Phase 2.3 Post-Processing in Floorplanning
Phase 2.3 Post-Processing in Floorplanning | Checksum: 1bcbf5c7a

Time (s): cpu = 00:00:02 ; elapsed = 00:00:00.98 . Memory (MB): peak = 3396.602 ; gain = 0.000 ; free physical = 143 ; free virtual = 1395

Phase 2.4 Global Placement Core
WARNING: [Place 46-29] place_design is not in timing mode. Skip physical synthesis in placer
Phase 2.4 Global Placement Core | Checksum: 19521fdc1

Time (s): cpu = 00:00:05 ; elapsed = 00:00:02 . Memory (MB): peak = 3396.602 ; gain = 0.000 ; free physical = 124 ; free virtual = 1374
Phase 2 Global Placement | Checksum: 19521fdc1

Time (s): cpu = 00:00:05 ; elapsed = 00:00:02 . Memory (MB): peak = 3396.602 ; gain = 0.000 ; free physical = 124 ; free virtual = 1374

Phase 3 Detail Placement

Phase 3.1 Commit Multi Column Macros
Phase 3.1 Commit Multi Column Macros | Checksum: 19521fdc1

Time (s): cpu = 00:00:05 ; elapsed = 00:00:02 . Memory (MB): peak = 3396.602 ; gain = 0.000 ; free physical = 124 ; free virtual = 1374

Phase 3.2 Commit Most Macros & LUTRAMs
Phase 3.2 Commit Most Macros & LUTRAMs | Checksum: 1a659ff15

Time (s): cpu = 00:00:05 ; elapsed = 00:00:02 . Memory (MB): peak = 3396.602 ; gain = 0.000 ; free physical = 124 ; free virtual = 1374

Phase 3.3 Area Swap Optimization
Phase 3.3 Area Swap Optimization | Checksum: 22f81ef78

Time (s): cpu = 00:00:05 ; elapsed = 00:00:02 . Memory (MB): peak = 3396.602 ; gain = 0.000 ; free physical = 123 ; free virtual = 1374

Phase 3.4 Pipeline Register Optimization
Phase 3.4 Pipeline Register Optimization | Checksum: 219ff445a

Time (s): cpu = 00:00:05 ; elapsed = 00:00:02 . Memory (MB): peak = 3396.602 ; gain = 0.000 ; free physical = 123 ; free virtual = 1374

Phase 3.5 Small Shape Detail Placement
Phase 3.5 Small Shape Detail Placement | Checksum: 153510dee

Time (s): cpu = 00:00:06 ; elapsed = 00:00:03 . Memory (MB): peak = 3396.602 ; gain = 0.000 ; free physical = 128 ; free virtual = 1374

Phase 3.6 Re-assign LUT pins
Phase 3.6 Re-assign LUT pins | Checksum: 153510dee

Time (s): cpu = 00:00:06 ; elapsed = 00:00:03 . Memory (MB): peak = 3396.602 ; gain = 0.000 ; free physical = 128 ; free virtual = 1374

Phase 3.7 Pipeline Register Optimization
Phase 3.7 Pipeline Register Optimization | Checksum: 153510dee

Time (s): cpu = 00:00:06 ; elapsed = 00:00:03 . Memory (MB): peak = 3396.602 ; gain = 0.000 ; free physical = 128 ; free virtual = 1374
Phase 3 Detail Placement | Checksum: 153510dee

Time (s): cpu = 00:00:06 ; elapsed = 00:00:03 . Memory (MB): peak = 3396.602 ; gain = 0.000 ; free physical = 128 ; free virtual = 1374

Phase 4 Post Placement Optimization and Clean-Up

Phase 4.1 Post Commit Optimization
Phase 4.1 Post Commit Optimization | Checksum: 153510dee

Time (s): cpu = 00:00:06 ; elapsed = 00:00:03 . Memory (MB): peak = 3396.602 ; gain = 0.000 ; free physical = 128 ; free virtual = 1374

Phase 4.2 Post Placement Cleanup
Phase 4.2 Post Placement Cleanup | Checksum: 153510dee

Time (s): cpu = 00:00:07 ; elapsed = 00:00:03 . Memory (MB): peak = 3396.602 ; gain = 0.000 ; free physical = 127 ; free virtual = 1375

Phase 4.3 Placer Reporting

Phase 4.3.1 Print Estimated Congestion
INFO: [Place 30-612] Post-Placement Estimated Congestion 
 ____________________________________________________
|           | Global Congestion | Short Congestion  |
| Direction | Region Size       | Region Size       |
|___________|___________________|___________________|
|      North|                1x1|                1x1|
|___________|___________________|___________________|
|      South|                1x1|                2x2|
|___________|___________________|___________________|
|       East|                1x1|                1x1|
|___________|___________________|___________________|
|       West|                1x1|                1x1|
|___________|___________________|___________________|

Phase 4.3.1 Print Estimated Congestion | Checksum: 153510dee

Time (s): cpu = 00:00:07 ; elapsed = 00:00:03 . Memory (MB): peak = 3396.602 ; gain = 0.000 ; free physical = 127 ; free virtual = 1375
Phase 4.3 Placer Reporting | Checksum: 153510dee

Time (s): cpu = 00:00:07 ; elapsed = 00:00:03 . Memory (MB): peak = 3396.602 ; gain = 0.000 ; free physical = 127 ; free virtual = 1375

Phase 4.4 Final Placement Cleanup
Netlist sorting complete. Time (s): cpu = 00:00:00 ; elapsed = 00:00:00 . Memory (MB): peak = 3396.602 ; gain = 0.000 ; free physical = 127 ; free virtual = 1375

Time (s): cpu = 00:00:07 ; elapsed = 00:00:03 . Memory (MB): peak = 3396.602 ; gain = 0.000 ; free physical = 127 ; free virtual = 1375
Phase 4 Post Placement Optimization and Clean-Up | Checksum: e8a62274

Time (s): cpu = 00:00:07 ; elapsed = 00:00:03 . Memory (MB): peak = 3396.602 ; gain = 0.000 ; free physical = 127 ; free virtual = 1375
Ending Placer Task | Checksum: b7d2ec30

Time (s): cpu = 00:00:07 ; elapsed = 00:00:03 . Memory (MB): peak = 3396.602 ; gain = 0.000 ; free physical = 127 ; free virtual = 1375
INFO: [Common 17-83] Releasing license: Implementation
48 Infos, 23 Warnings, 0 Critical Warnings and 0 Errors encountered.
place_design completed successfully
Writing placer database...
Writing XDEF routing.
Writing XDEF routing logical nets.
Writing XDEF routing special nets.
Write XDEF Complete: Time (s): cpu = 00:00:00.60 ; elapsed = 00:00:00.23 . Memory (MB): peak = 3396.602 ; gain = 0.000 ; free physical = 127 ; free virtual = 1381
INFO: [Common 17-1381] The checkpoint '/home/krisemi_satcom/ETHERNET/project/ETHERNET_WITH_APB.runs/impl_1/eth_top_placed.dcp' has been generated.
INFO: [runtcl-4] Executing : report_io -file eth_top_io_placed.rpt
report_io: Time (s): cpu = 00:00:00.12 ; elapsed = 00:00:00.19 . Memory (MB): peak = 3396.602 ; gain = 0.000 ; free physical = 137 ; free virtual = 1360
INFO: [runtcl-4] Executing : report_utilization -file eth_top_utilization_placed.rpt -pb eth_top_utilization_placed.pb
INFO: [runtcl-4] Executing : report_control_sets -verbose -file eth_top_control_sets_placed.rpt
report_control_sets: Time (s): cpu = 00:00:00.04 ; elapsed = 00:00:00.09 . Memory (MB): peak = 3396.602 ; gain = 0.000 ; free physical = 131 ; free virtual = 1356
Command: phys_opt_design
Attempting to get a license for feature 'Implementation' and/or device 'xc7z020'
INFO: [Common 17-349] Got license for feature 'Implementation' and/or device 'xc7z020'
INFO: [Vivado_Tcl 4-235] No timing constraint found. The netlist was not modified.
INFO: [Common 17-83] Releasing license: Implementation
55 Infos, 23 Warnings, 0 Critical Warnings and 0 Errors encountered.
phys_opt_design completed successfully
Writing placer database...
Writing XDEF routing.
Writing XDEF routing logical nets.
Writing XDEF routing special nets.
Write XDEF Complete: Time (s): cpu = 00:00:00.64 ; elapsed = 00:00:00.24 . Memory (MB): peak = 3396.602 ; gain = 0.000 ; free physical = 129 ; free virtual = 1332
INFO: [Common 17-1381] The checkpoint '/home/krisemi_satcom/ETHERNET/project/ETHERNET_WITH_APB.runs/impl_1/eth_top_physopt.dcp' has been generated.
Command: route_design
Attempting to get a license for feature 'Implementation' and/or device 'xc7z020'
INFO: [Common 17-349] Got license for feature 'Implementation' and/or device 'xc7z020'
Running DRC as a precondition to command route_design
INFO: [DRC 23-27] Running DRC with 4 threads
INFO: [Vivado_Tcl 4-198] DRC finished with 0 Errors
INFO: [Vivado_Tcl 4-199] Please refer to the DRC report (report_drc) for more information.


Starting Routing Task
INFO: [Route 35-254] Multithreading enabled for route_design using a maximum of 4 CPUs

Phase 1 Build RT Design
Checksum: PlaceDB: 5e226fcc ConstDB: 0 ShapeSum: 59b07c64 RouteDB: 0
Post Restoration Checksum: NetGraph: 9da3ff75 NumContArr: 76230711 Constraints: 0 Timing: 0
Phase 1 Build RT Design | Checksum: 113c70686

Time (s): cpu = 00:00:16 ; elapsed = 00:00:13 . Memory (MB): peak = 3404.270 ; gain = 7.668 ; free physical = 139 ; free virtual = 1255

Phase 2 Router Initialization
INFO: [Route 35-64] No timing constraints were detected. The router will operate in resource-optimization mode.

Phase 2.1 Fix Topology Constraints
Phase 2.1 Fix Topology Constraints | Checksum: 113c70686

Time (s): cpu = 00:00:16 ; elapsed = 00:00:13 . Memory (MB): peak = 3412.266 ; gain = 15.664 ; free physical = 122 ; free virtual = 1245

Phase 2.2 Pre Route Cleanup
Phase 2.2 Pre Route Cleanup | Checksum: 113c70686

Time (s): cpu = 00:00:16 ; elapsed = 00:00:13 . Memory (MB): peak = 3412.266 ; gain = 15.664 ; free physical = 122 ; free virtual = 1245
 Number of Nodes with overlaps = 0

Router Utilization Summary
  Global Vertical Routing Utilization    = 0 %
  Global Horizontal Routing Utilization  = 0 %
  Routable Net Status*
  *Does not include unroutable nets such as driverless and loadless.
  Run report_route_status for detailed report.
  Number of Failed Nets               = 3400
    (Failed Nets is the sum of unrouted and partially routed nets)
  Number of Unrouted Nets             = 3400
  Number of Partially Routed Nets     = 0
  Number of Node Overlaps             = 0

Phase 2 Router Initialization | Checksum: e23e1e3b

Time (s): cpu = 00:00:16 ; elapsed = 00:00:13 . Memory (MB): peak = 3441.148 ; gain = 44.547 ; free physical = 135 ; free virtual = 1217

Phase 3 Initial Routing

Phase 3.1 Global Routing
Phase 3.1 Global Routing | Checksum: e23e1e3b

Time (s): cpu = 00:00:16 ; elapsed = 00:00:13 . Memory (MB): peak = 3441.148 ; gain = 44.547 ; free physical = 135 ; free virtual = 1217
Phase 3 Initial Routing | Checksum: b88090ab

Time (s): cpu = 00:00:17 ; elapsed = 00:00:13 . Memory (MB): peak = 3441.148 ; gain = 44.547 ; free physical = 123 ; free virtual = 1220

Phase 4 Rip-up And Reroute

Phase 4.1 Global Iteration 0
 Number of Nodes with overlaps = 227
 Number of Nodes with overlaps = 0
Phase 4.1 Global Iteration 0 | Checksum: 62e1171d

Time (s): cpu = 00:00:18 ; elapsed = 00:00:14 . Memory (MB): peak = 3441.148 ; gain = 44.547 ; free physical = 143 ; free virtual = 1224
Phase 4 Rip-up And Reroute | Checksum: 62e1171d

Time (s): cpu = 00:00:18 ; elapsed = 00:00:14 . Memory (MB): peak = 3441.148 ; gain = 44.547 ; free physical = 147 ; free virtual = 1225

Phase 5 Delay and Skew Optimization
Phase 5 Delay and Skew Optimization | Checksum: 62e1171d

Time (s): cpu = 00:00:18 ; elapsed = 00:00:14 . Memory (MB): peak = 3441.148 ; gain = 44.547 ; free physical = 147 ; free virtual = 1225

Phase 6 Post Hold Fix

Phase 6.1 Hold Fix Iter
Phase 6.1 Hold Fix Iter | Checksum: 62e1171d

Time (s): cpu = 00:00:18 ; elapsed = 00:00:14 . Memory (MB): peak = 3441.148 ; gain = 44.547 ; free physical = 147 ; free virtual = 1225
Phase 6 Post Hold Fix | Checksum: 62e1171d

Time (s): cpu = 00:00:18 ; elapsed = 00:00:14 . Memory (MB): peak = 3441.148 ; gain = 44.547 ; free physical = 146 ; free virtual = 1224

Phase 7 Route finalize

Router Utilization Summary
  Global Vertical Routing Utilization    = 0.838563 %
  Global Horizontal Routing Utilization  = 0.921062 %
  Routable Net Status*
  *Does not include unroutable nets such as driverless and loadless.
  Run report_route_status for detailed report.
  Number of Failed Nets               = 0
    (Failed Nets is the sum of unrouted and partially routed nets)
  Number of Unrouted Nets             = 0
  Number of Partially Routed Nets     = 0
  Number of Node Overlaps             = 0

Congestion Report
North Dir 1x1 Area, Max Cong = 47.7477%, No Congested Regions.
South Dir 1x1 Area, Max Cong = 44.1441%, No Congested Regions.
East Dir 1x1 Area, Max Cong = 35.2941%, No Congested Regions.
West Dir 1x1 Area, Max Cong = 35.2941%, No Congested Regions.

------------------------------
Reporting congestion hotspots
------------------------------
Direction: North
----------------
Congested clusters found at Level 0
Effective congestion level: 0 Aspect Ratio: 1 Sparse Ratio: 0
Direction: South
----------------
Congested clusters found at Level 0
Effective congestion level: 0 Aspect Ratio: 1 Sparse Ratio: 0
Direction: East
----------------
Congested clusters found at Level 0
Effective congestion level: 0 Aspect Ratio: 1 Sparse Ratio: 0
Direction: West
----------------
Congested clusters found at Level 0
Effective congestion level: 0 Aspect Ratio: 1 Sparse Ratio: 0

Phase 7 Route finalize | Checksum: 62e1171d

Time (s): cpu = 00:00:18 ; elapsed = 00:00:14 . Memory (MB): peak = 3441.148 ; gain = 44.547 ; free physical = 146 ; free virtual = 1226

Phase 8 Verifying routed nets

 Verification completed successfully
Phase 8 Verifying routed nets | Checksum: 62e1171d

Time (s): cpu = 00:00:18 ; elapsed = 00:00:14 . Memory (MB): peak = 3441.148 ; gain = 44.547 ; free physical = 146 ; free virtual = 1226

Phase 9 Depositing Routes
Phase 9 Depositing Routes | Checksum: dab512a4

Time (s): cpu = 00:00:18 ; elapsed = 00:00:14 . Memory (MB): peak = 3473.164 ; gain = 76.562 ; free physical = 136 ; free virtual = 1226
INFO: [Route 35-16] Router Completed Successfully

Time (s): cpu = 00:00:18 ; elapsed = 00:00:14 . Memory (MB): peak = 3473.164 ; gain = 76.562 ; free physical = 148 ; free virtual = 1239

Routing Is Done.
INFO: [Common 17-83] Releasing license: Implementation
64 Infos, 23 Warnings, 0 Critical Warnings and 0 Errors encountered.
route_design completed successfully
route_design: Time (s): cpu = 00:00:20 ; elapsed = 00:00:15 . Memory (MB): peak = 3473.164 ; gain = 76.562 ; free physical = 146 ; free virtual = 1252
INFO: [Common 17-600] The following parameters have non-default value.
general.maxThreads
Writing placer database...
Writing XDEF routing.
Writing XDEF routing logical nets.
Writing XDEF routing special nets.
Write XDEF Complete: Time (s): cpu = 00:00:00.74 ; elapsed = 00:00:00.29 . Memory (MB): peak = 3473.164 ; gain = 0.000 ; free physical = 123 ; free virtual = 1252
INFO: [Common 17-1381] The checkpoint '/home/krisemi_satcom/ETHERNET/project/ETHERNET_WITH_APB.runs/impl_1/eth_top_routed.dcp' has been generated.
INFO: [runtcl-4] Executing : report_drc -file eth_top_drc_routed.rpt -pb eth_top_drc_routed.pb -rpx eth_top_drc_routed.rpx
Command: report_drc -file eth_top_drc_routed.rpt -pb eth_top_drc_routed.pb -rpx eth_top_drc_routed.rpx
INFO: [IP_Flow 19-1839] IP Catalog is up to date.
INFO: [DRC 23-27] Running DRC with 4 threads
INFO: [Vivado_Tcl 2-168] The results of DRC are in file /home/krisemi_satcom/ETHERNET/project/ETHERNET_WITH_APB.runs/impl_1/eth_top_drc_routed.rpt.
report_drc completed successfully
INFO: [runtcl-4] Executing : report_methodology -file eth_top_methodology_drc_routed.rpt -pb eth_top_methodology_drc_routed.pb -rpx eth_top_methodology_drc_routed.rpx
Command: report_methodology -file eth_top_methodology_drc_routed.rpt -pb eth_top_methodology_drc_routed.pb -rpx eth_top_methodology_drc_routed.rpx
INFO: [Timing 38-35] Done setting XDC timing constraints.
INFO: [DRC 23-133] Running Methodology with 4 threads
INFO: [Vivado_Tcl 2-1520] The results of Report Methodology are in file /home/krisemi_satcom/ETHERNET/project/ETHERNET_WITH_APB.runs/impl_1/eth_top_methodology_drc_routed.rpt.
report_methodology completed successfully
INFO: [runtcl-4] Executing : report_power -file eth_top_power_routed.rpt -pb eth_top_power_summary_routed.pb -rpx eth_top_power_routed.rpx
Command: report_power -file eth_top_power_routed.rpt -pb eth_top_power_summary_routed.pb -rpx eth_top_power_routed.rpx
INFO: [Timing 38-35] Done setting XDC timing constraints.
WARNING: [Power 33-232] No user defined clocks were found in the design! Power estimation will be inaccurate until this is corrected.
Resolution: Please specify clocks using create_clock/create_generated_clock for sequential elements. For pure combinatorial circuits, please specify a virtual clock, otherwise the vectorless estimation might be inaccurate
Running Vector-less Activity Propagation...

Finished Running Vector-less Activity Propagation
76 Infos, 24 Warnings, 0 Critical Warnings and 0 Errors encountered.
report_power completed successfully
INFO: [runtcl-4] Executing : report_route_status -file eth_top_route_status.rpt -pb eth_top_route_status.pb
INFO: [runtcl-4] Executing : report_timing_summary -max_paths 10 -report_unconstrained -file eth_top_timing_summary_routed.rpt -pb eth_top_timing_summary_routed.pb -rpx eth_top_timing_summary_routed.rpx -warn_on_violation 
INFO: [Timing 38-91] UpdateTimingParams: Speed grade: -1, Delay Type: min_max.
INFO: [Timing 38-191] Multithreading enabled for timing update using a maximum of 4 CPUs
WARNING: [Timing 38-313] There are no user specified timing constraints. Timing constraints are needed for proper timing analysis.
INFO: [runtcl-4] Executing : report_incremental_reuse -file eth_top_incremental_reuse_routed.rpt
INFO: [Vivado_Tcl 4-1062] Incremental flow is disabled. No incremental reuse Info to report.
INFO: [runtcl-4] Executing : report_clock_utilization -file eth_top_clock_utilization_routed.rpt
INFO: [runtcl-4] Executing : report_bus_skew -warn_on_violation -file eth_top_bus_skew_routed.rpt -pb eth_top_bus_skew_routed.pb -rpx eth_top_bus_skew_routed.rpx
INFO: [Timing 38-91] UpdateTimingParams: Speed grade: -1, Delay Type: min_max.
INFO: [Timing 38-191] Multithreading enabled for timing update using a maximum of 4 CPUs
INFO: [Common 17-206] Exiting Vivado at Sun Nov 10 15:45:48 2024...
